   Compiling spiderman_bevy v0.1.0 (H:\SteamLibrary\steamapps\common\Marvel's Spider-Man Remastered\spiderman_bevy)
    Finished `dev` profile [optimized + debuginfo] target(s) in 32.84s
Ready: Play.bat
   Compiling spiderman_bevy v0.1.0 (H:\SteamLibrary\steamapps\common\Marvel's Spider-Man Remastered\spiderman_bevy)
    Finished `test` profile [optimized + debuginfo] target(s) in 22.66s
     Running unittests src\main.rs (target\debug\deps\spiderman_bevy-ab03819819e09504.exe)

running 16 tests
test native_swing::tests::native_gravity_blend_reference_cases ... ok
test physics::tests::gain_caps_do_not_discard_existing_momentum ... ok
test native_swing::tests::native_gravity_reference_cases ... ok
test physics::tests::arc_is_consistent_at_different_fixed_steps ... ok
test native_swing::tests::native_pivot_and_terminal_reference_cases ... ok
test physics::tests::arena_has_seven_towers_and_surface_anchors ... ok
test physics::tests::high_speed_collisions_do_not_enter_towers ... ok
test physics::tests::attachment_has_no_velocity_impulse ... ok
test physics::tests::dive_releases_a_held_line ... ok
test physics::tests::rope_constraint_holds_and_release_preserves_momentum ... ok
test physics::tests::wall_run_stays_in_contact_and_wall_jump_detaches ... ok
test physics::tests::release_is_ballistic_and_jump_boost_is_additive ... ok
test physics::tests::swing_crosses_the_trough_before_automatic_release ... ok
test physics::tests::forward_input_keeps_the_arc_in_the_street ... ok
test physics::tests::holding_swing_selects_successive_lines ... ok
test physics::tests::long_traversal_is_finite_and_contacts_floor ... ok

test result: ok. 16 passed; 0 failed; 0 ignored; 0 measured; 0 filtered out; finished in 0.01s

held: swings 4 -> 3, lateral 19.31 -> 4.55 m, peak speed 56.69 -> 38.27 m/s
normal_release: swings 1 -> 1, lateral 10.89 -> 0.05 m, peak speed 44.24 -> 29.24 m/s
jump_release: swings 1 -> 1, lateral 17.62 -> 0.05 m, peak speed 50.29 -> 33.99 m/s
dive_entry: swings 5 -> 4, lateral 17.60 -> 6.39 m, peak speed 57.08 -> 51.81 m/s
2026-10-03T04:24:49.635039Z  WARN gilrs::mapping: SDL-mapping 03000000-3412-0000-adbe-000000000000 vJoy Device: Unknown button b15
2026-10-03T04:24:49.635725Z  WARN gilrs::mapping: SDL-mapping 03000000-3412-0000-adbe-000000000000 vJoy Device: Unknown button b8
2026-10-03T04:24:49.635743Z  WARN gilrs::mapping: SDL-mapping 03000000-3412-0000-adbe-000000000000 vJoy Device: Unknown button b16
2026-10-03T04:24:49.635750Z  WARN gilrs::mapping: SDL-mapping 03000000-3412-0000-adbe-000000000000 vJoy Device: Unknown button b9
2026-10-03T04:24:49.635755Z  WARN gilrs::mapping: SDL-mapping 03000000-3412-0000-adbe-000000000000 vJoy Device: Unknown button b13
2026-10-03T04:24:49.635758Z  WARN gilrs::mapping: SDL-mapping 03000000-3412-0000-adbe-000000000000 vJoy Device: Unknown button b11
2026-10-03T04:24:49.635764Z  WARN gilrs::mapping: SDL-mapping 03000000-3412-0000-adbe-000000000000 vJoy Device: Unknown button b10
2026-10-03T04:24:49.635768Z  WARN gilrs::mapping: SDL-mapping 03000000-3412-0000-adbe-000000000000 vJoy Device: Unknown button b14
2026-10-03T04:24:49.635771Z  WARN gilrs::mapping: SDL-mapping 03000000-3412-0000-adbe-000000000000 vJoy Device: Unknown button b12
2026-10-03T04:24:49.636529Z  WARN gilrs::gamepad: No mapping found for UUID 00000000-0000-0000-0000-000000000000
	Default mapping will be used.
{
  "asset_validation_passed": true,
  "meshes": 18,
  "joints": 212,
  "animations": 26,
  "native_bind_max_identity_error": 3.708425734666183e-05,
  "source_files_checked": 375,
  "captures": {
    "swing": {
      "resolution": [
        1440,
        900
      ],
      "unique_scene_colors": 30897
    },
    "release": {
      "resolution": [
        1440,
        900
      ],
      "unique_scene_colors": 24778
    },
    "traversal": {
      "resolution": [
        1440,
        900
      ],
      "unique_scene_colors": 29220
    }
  },
  "one_to_one_fidelity_verified": false,
  "known_gap": "Native traversal, animation blending, IK and layered materials are not fully ported."
}
{
  "passed": true,
  "buildings": 7,
  "cars": 56,
  "car_scale": 1,
  "units": "meters",
  "assets_checked": 12,
  "referenced_textures_checked": 72,
  "facade_floor_height": 4,
  "building_layout_from_original_game": false
}
Recorded verified build and character hashes.
