[0.006s][warning][cds] Archived non-system classes are disabled because the java.system.class.loader property is specified (value = "ghidra.GhidraClassLoader"). To use archived non-system classes, this property must not be set
INFO  Using log config file: jar:file:/H:/SteamLibrary/steamapps/common/Marvel's%20Spider-Man%20Remastered/spiderman_bevy/tools/ghidra_12.1.4_PUBLIC/Ghidra/Framework/Generic/lib/Generic.jar!/generic.log4j.xml (LoggingInitialization)  
INFO  Using log file: H:\SteamLibrary\steamapps\common\Marvel's Spider-Man Remastered\spiderman_bevy\research\ghidra_settings\Lukas-ghidra\ghidra_12.1.4_PUBLIC\application.log (LoggingInitialization)  
INFO  Loading user preferences: H:\SteamLibrary\steamapps\common\Marvel's Spider-Man Remastered\spiderman_bevy\research\ghidra_settings\Lukas-ghidra\ghidra_12.1.4_PUBLIC\preferences (Preferences)  
INFO  Searching for classes... (ClassSearcher)  
INFO  Class search complete (854 ms) (ClassSearcher)  
INFO  Initializing SSL Context (DefaultSSLContextInitializer)  
INFO  Initializing Random Number Generator... (SecureRandomFactory)  
INFO  Random Number Generator initialization complete: SHA1PRNG (SecureRandomFactory)  
INFO  Trust manager disabled, cacerts have not been set (DefaultTrustManagerFactory)  
INFO  Headless startup complete (7167 ms) (AnalyzeHeadless)  
INFO  Class searcher loaded 59 extension points (20 false positives) (ClassSearcher)  
INFO  HEADLESS Script Paths:
    H:\SteamLibrary\steamapps\common\Marvel's Spider-Man Remastered\spiderman_bevy\tools\ghidra_12.1.4_PUBLIC\Ghidra\Processors\Atmel\ghidra_scripts
    H:\SteamLibrary\steamapps\common\Marvel's Spider-Man Remastered\spiderman_bevy\tools\ghidra_12.1.4_PUBLIC\Ghidra\Features\GnuDemangler\ghidra_scripts
    H:\SteamLibrary\steamapps\common\Marvel's Spider-Man Remastered\spiderman_bevy\tools\ghidra_12.1.4_PUBLIC\Ghidra\Processors\DATA\ghidra_scripts
    H:\SteamLibrary\steamapps\common\Marvel's Spider-Man Remastered\spiderman_bevy\tools\ghidra_12.1.4_PUBLIC\Ghidra\Features\DecompilerDependent\ghidra_scripts
    H:\SteamLibrary\steamapps\common\Marvel's Spider-Man Remastered\spiderman_bevy\tools
    H:\SteamLibrary\steamapps\common\Marvel's Spider-Man Remastered\spiderman_bevy\tools\ghidra_12.1.4_PUBLIC\Ghidra\Debug\Debugger\ghidra_scripts
    H:\SteamLibrary\steamapps\common\Marvel's Spider-Man Remastered\spiderman_bevy\tools\ghidra_12.1.4_PUBLIC\Ghidra\Features\PyGhidra\ghidra_scripts
    H:\SteamLibrary\steamapps\common\Marvel's Spider-Man Remastered\spiderman_bevy\tools\ghidra_12.1.4_PUBLIC\Ghidra\Features\Decompiler\ghidra_scripts
    H:\SteamLibrary\steamapps\common\Marvel's Spider-Man Remastered\spiderman_bevy\tools\ghidra_12.1.4_PUBLIC\Ghidra\Features\WildcardAssembler\ghidra_scripts
    H:\SteamLibrary\steamapps\common\Marvel's Spider-Man Remastered\spiderman_bevy\tools\ghidra_12.1.4_PUBLIC\Ghidra\Features\PDB\ghidra_scripts
    H:\SteamLibrary\steamapps\common\Marvel's Spider-Man Remastered\spiderman_bevy\tools\ghidra_12.1.4_PUBLIC\Ghidra\Features\BSim\ghidra_scripts
    H:\SteamLibrary\steamapps\common\Marvel's Spider-Man Remastered\spiderman_bevy\tools\ghidra_12.1.4_PUBLIC\Ghidra\Features\BytePatterns\ghidra_scripts
    H:\SteamLibrary\steamapps\common\Marvel's Spider-Man Remastered\spiderman_bevy\tools\ghidra_12.1.4_PUBLIC\Ghidra\Processors\8051\ghidra_scripts
    H:\SteamLibrary\steamapps\common\Marvel's Spider-Man Remastered\spiderman_bevy\tools\ghidra_12.1.4_PUBLIC\Ghidra\Processors\JVM\ghidra_scripts
    H:\SteamLibrary\steamapps\common\Marvel's Spider-Man Remastered\spiderman_bevy\tools\ghidra_12.1.4_PUBLIC\Ghidra\Features\SystemEmulation\ghidra_scripts
    H:\SteamLibrary\steamapps\common\Marvel's Spider-Man Remastered\spiderman_bevy\tools\ghidra_12.1.4_PUBLIC\Ghidra\Features\FunctionID\ghidra_scripts
    H:\SteamLibrary\steamapps\common\Marvel's Spider-Man Remastered\spiderman_bevy\tools\ghidra_12.1.4_PUBLIC\Ghidra\Features\SwiftDemangler\ghidra_scripts
    H:\SteamLibrary\steamapps\common\Marvel's Spider-Man Remastered\spiderman_bevy\tools\ghidra_12.1.4_PUBLIC\Ghidra\Features\VersionTracking\ghidra_scripts
    H:\SteamLibrary\steamapps\common\Marvel's Spider-Man Remastered\spiderman_bevy\tools\ghidra_12.1.4_PUBLIC\Ghidra\Debug\Debugger-rmi-trace\ghidra_scripts
    H:\SteamLibrary\steamapps\common\Marvel's Spider-Man Remastered\spiderman_bevy\tools\ghidra_12.1.4_PUBLIC\Ghidra\Features\MicrosoftCodeAnalyzer\ghidra_scripts
    H:\SteamLibrary\steamapps\common\Marvel's Spider-Man Remastered\spiderman_bevy\tools\ghidra_12.1.4_PUBLIC\Ghidra\Features\Base\ghidra_scripts
    H:\SteamLibrary\steamapps\common\Marvel's Spider-Man Remastered\spiderman_bevy\tools\ghidra_12.1.4_PUBLIC\Ghidra\Features\FileFormats\ghidra_scripts
    H:\SteamLibrary\steamapps\common\Marvel's Spider-Man Remastered\spiderman_bevy\tools\ghidra_12.1.4_PUBLIC\Ghidra\Processors\PIC\ghidra_scripts (HeadlessAnalyzer)  
INFO  HEADLESS: execution starts (HeadlessAnalyzer)  
INFO  Opening existing project: C:\Users\Lukas\AppData\Local\Temp\spiderman_bevy_ghidra_project\SwingResearch (HeadlessAnalyzer)  
INFO  Opening project: C:\Users\Lukas\AppData\Local\Temp\spiderman_bevy_ghidra_project\SwingResearch (HeadlessProject)  
INFO  REPORT: Processing project file: /Spider-Man.exe (HeadlessAnalyzer)  
INFO  REPORT: Execute script: DecompileSwing.java 'H:\SteamLibrary\steamapps\common\Marvel's Spider-Man Remastered\spiderman_bevy/research/core_function_selection.txt' 'H:\SteamLibrary\steamapps\common\Marvel's Spider-Man Remastered\spiderman_bevy/research/swing_core_decompiled.c'  (HeadlessAnalyzer)  
INFO  SCRIPT: H:\SteamLibrary\steamapps\common\Marvel's Spider-Man Remastered\spiderman_bevy\tools\DecompileSwing.java (HeadlessAnalyzer)  
INFO  DecompileSwing.java> Decompiled SwingRegion_140ab209a (GhidraScript)  
INFO  DecompileSwing.java> Decompiled SwingRegion_140ab2107 (GhidraScript)  
INFO  DecompileSwing.java> Decompiled SwingRegion_140ab2130 (GhidraScript)  
INFO  DecompileSwing.java> Decompiled SwingRegion_140ab229b (GhidraScript)  
INFO  DecompileSwing.java> Decompiled SwingRegion_140ab2353 (GhidraScript)  
INFO  DecompileSwing.java> Decompiled SwingRegion_140ab23c0 (GhidraScript)  
INFO  DecompileSwing.java> Decompiled SwingRegion_140ab2660 (GhidraScript)  
INFO  DecompileSwing.java> Decompiled SwingRegion_140ab26c0 (GhidraScript)  
INFO  DecompileSwing.java> Decompiled SwingRegion_140ab2708 (GhidraScript)  
INFO  DecompileSwing.java> Decompiled SwingRegion_140ab278d (GhidraScript)  
INFO  DecompileSwing.java> Decompiled SwingRegion_140ab27a0 (GhidraScript)  
INFO  DecompileSwing.java> Decompiled SwingRegion_140ab2880 (GhidraScript)  
INFO  DecompileSwing.java> Decompiled SwingRegion_140ab28c0 (GhidraScript)  
INFO  DecompileSwing.java> Decompiled SwingRegion_140ab28d6 (GhidraScript)  
INFO  DecompileSwing.java> Decompiled SwingRegion_140ab2980 (GhidraScript)  
INFO  DecompileSwing.java> Decompiled SwingRegion_140ab2990 (GhidraScript)  
INFO  DecompileSwing.java> Decompiled SwingRegion_140ab29a1 (GhidraScript)  
INFO  DecompileSwing.java> Decompiled SwingRegion_140ab29fe (GhidraScript)  
INFO  DecompileSwing.java> Decompiled SwingRegion_140ab2a00 (GhidraScript)  
INFO  DecompileSwing.java> Decompiled SwingRegion_140ab2a80 (GhidraScript)  
INFO  DecompileSwing.java> Decompiled SwingRegion_140ab2af0 (GhidraScript)  
INFO  DecompileSwing.java> Decompiled SwingRegion_140ab3280 (GhidraScript)  
INFO  DecompileSwing.java> Decompiled SwingRegion_140ab3390 (GhidraScript)  
INFO  DecompileSwing.java> Decompiled SwingRegion_140ab3394 (GhidraScript)  
INFO  DecompileSwing.java> Decompiled SwingRegion_140ab33ac (GhidraScript)  
INFO  DecompileSwing.java> Decompiled SwingRegion_140ab343e (GhidraScript)  
INFO  DecompileSwing.java> Decompiled SwingRegion_140ab34a4 (GhidraScript)  
INFO  DecompileSwing.java> Decompiled SwingRegion_140ab35d2 (GhidraScript)  
INFO  DecompileSwing.java> Decompiled SwingRegion_140ab3657 (GhidraScript)  
INFO  DecompileSwing.java> Decompiled SwingRegion_140ab3690 (GhidraScript)  
INFO  DecompileSwing.java> Decompiled SwingRegion_140ab36d0 (GhidraScript)  
INFO  DecompileSwing.java> Decompiled SwingRegion_140ab3720 (GhidraScript)  
INFO  DecompileSwing.java> Decompiled SwingRegion_140ab3731 (GhidraScript)  
INFO  DecompileSwing.java> Decompiled SwingRegion_140ab378d (GhidraScript)  
INFO  DecompileSwing.java> Decompiled SwingRegion_140ab3790 (GhidraScript)  
INFO  DecompileSwing.java> Decompiled SwingRegion_140ab3820 (GhidraScript)  
INFO  DecompileSwing.java> Decompiled SwingRegion_140ab38e0 (GhidraScript)  
INFO  DecompileSwing.java> Decompiled SwingRegion_140ab3bc0 (GhidraScript)  
INFO  DecompileSwing.java> Decompiled SwingRegion_140ab3c20 (GhidraScript)  
INFO  DecompileSwing.java> Decompiled SwingRegion_140ab3c4b (GhidraScript)  
INFO  DecompileSwing.java> Decompiled SwingRegion_140ab3cb8 (GhidraScript)  
INFO  DecompileSwing.java> Decompiled SwingRegion_140ab3d49 (GhidraScript)  
INFO  DecompileSwing.java> Decompiled SwingRegion_140ab3d72 (GhidraScript)  
INFO  DecompileSwing.java> Decompiled SwingRegion_140ab3d80 (GhidraScript)  
INFO  DecompileSwing.java> Decompiled SwingRegion_140ab3e1c (GhidraScript)  
INFO  DecompileSwing.java> Decompiled SwingRegion_140ab3e97 (GhidraScript)  
INFO  DecompileSwing.java> Decompiled SwingRegion_140ab3ee0 (GhidraScript)  
INFO  DecompileSwing.java> Decompiled SwingRegion_140ab40c0 (GhidraScript)  
INFO  DecompileSwing.java> Decompiled SwingRegion_140ab42f0 (GhidraScript)  
INFO  DecompileSwing.java> Decompiled SwingRegion_140ab4380 (GhidraScript)  
INFO  DecompileSwing.java> Decompiled SwingRegion_140ab43d0 (GhidraScript)  
INFO  DecompileSwing.java> Decompiled SwingRegion_140ab4410 (GhidraScript)  
INFO  DecompileSwing.java> Decompiled SwingRegion_140ab4450 (GhidraScript)  
INFO  DecompileSwing.java> Decompiled SwingRegion_140ab4a70 (GhidraScript)  
INFO  DecompileSwing.java> Decompiled SwingRegion_140ab4ac0 (GhidraScript)  
INFO  DecompileSwing.java> Decompiled SwingRegion_140ab4ba0 (GhidraScript)  
INFO  DecompileSwing.java> Decompiled SwingRegion_140ab4c20 (GhidraScript)  
INFO  DecompileSwing.java> Decompiled SwingRegion_140ab4cc0 (GhidraScript)  
INFO  DecompileSwing.java> Decompiled SwingRegion_140ab4ced (GhidraScript)  
INFO  DecompileSwing.java> Decompiled SwingRegion_140ab4cfd (GhidraScript)  
INFO  DecompileSwing.java> Decompiled SwingRegion_140ab4d3c (GhidraScript)  
INFO  DecompileSwing.java> Decompiled SwingRegion_140ab4e86 (GhidraScript)  
INFO  DecompileSwing.java> Decompiled SwingRegion_140ab524c (GhidraScript)  
INFO  DecompileSwing.java> Decompiled SwingRegion_140ab5418 (GhidraScript)  
INFO  DecompileSwing.java> Decompiled SwingRegion_140ab5451 (GhidraScript)  
INFO  DecompileSwing.java> Decompiled SwingRegion_140ab5527 (GhidraScript)  
INFO  DecompileSwing.java> Decompiled SwingRegion_140ab555a (GhidraScript)  
INFO  DecompileSwing.java> Decompiled SwingRegion_140ab5563 (GhidraScript)  
INFO  DecompileSwing.java> Decompiled SwingRegion_140ab5ae0 (GhidraScript)  
INFO  DecompileSwing.java> Decompiled SwingRegion_140ab5e60 (GhidraScript)  
INFO  DecompileSwing.java> Decompiled SwingRegion_140ab6750 (GhidraScript)  
INFO  DecompileSwing.java> Decompiled SwingRegion_140ab67af (GhidraScript)  
INFO  DecompileSwing.java> Decompiled SwingRegion_140ab67cd (GhidraScript)  
INFO  DecompileSwing.java> Decompiled SwingRegion_140ab72e3 (GhidraScript)  
INFO  DecompileSwing.java> Decompiled SwingRegion_140ab73f9 (GhidraScript)  
INFO  DecompileSwing.java> Decompiled SwingRegion_140ab753d (GhidraScript)  
INFO  DecompileSwing.java> Decompiled SwingRegion_140ab7687 (GhidraScript)  
INFO  DecompileSwing.java> Decompiled SwingRegion_140ab76a6 (GhidraScript)  
INFO  DecompileSwing.java> Decompiled SwingRegion_140ab775a (GhidraScript)  
INFO  DecompileSwing.java> Decompiled SwingRegion_140ab77e0 (GhidraScript)  
INFO  DecompileSwing.java> Decompiled SwingRegion_140ab7a0b (GhidraScript)  
INFO  DecompileSwing.java> Decompiled SwingRegion_140ab7b30 (GhidraScript)  
INFO  DecompileSwing.java> Decompiled SwingRegion_140ab7ee0 (GhidraScript)  
INFO  DecompileSwing.java> Decompiled SwingRegion_140ab81e0 (GhidraScript)  
INFO  DecompileSwing.java> Decompiled SwingRegion_140ab820b (GhidraScript)  
INFO  DecompileSwing.java> Decompiled SwingRegion_140ab832f (GhidraScript)  
INFO  DecompileSwing.java> Decompiled SwingRegion_140ab836e (GhidraScript)  
INFO  DecompileSwing.java> Decompiled SwingRegion_140ab83f4 (GhidraScript)  
INFO  DecompileSwing.java> Decompiled SwingRegion_140ab8410 (GhidraScript)  
INFO  DecompileSwing.java> Decompiled SwingRegion_140ab8900 (GhidraScript)  
INFO  DecompileSwing.java> Decompiled SwingRegion_140ab8af0 (GhidraScript)  
INFO  DecompileSwing.java> Decompiled SwingRegion_140ab8b43 (GhidraScript)  
INFO  DecompileSwing.java> Decompiled SwingRegion_140ab8be7 (GhidraScript)  
INFO  DecompileSwing.java> Decompiled SwingRegion_140ab8d00 (GhidraScript)  
INFO  DecompileSwing.java> Decompiled SwingRegion_140ab8d18 (GhidraScript)  
INFO  DecompileSwing.java> Decompiled SwingRegion_140ab8d78 (GhidraScript)  
INFO  DecompileSwing.java> Decompiled SwingRegion_140ab8e3d (GhidraScript)  
INFO  DecompileSwing.java> Decompiled SwingRegion_140ab8e4a (GhidraScript)  
INFO  DecompileSwing.java> Decompiled SwingRegion_140ab8ef0 (GhidraScript)  
INFO  DecompileSwing.java> Decompiled SwingRegion_140ab9040 (GhidraScript)  
INFO  DecompileSwing.java> Decompiled SwingRegion_140ab90ab (GhidraScript)  
INFO  DecompileSwing.java> Decompiled SwingRegion_140ab91cc (GhidraScript)  
INFO  DecompileSwing.java> Decompiled SwingRegion_140ab9200 (GhidraScript)  
INFO  DecompileSwing.java> Decompiled SwingRegion_140ab9410 (GhidraScript)  
INFO  DecompileSwing.java> Decompiled SwingRegion_140ab944b (GhidraScript)  
INFO  DecompileSwing.java> Decompiled SwingRegion_140ab94b6 (GhidraScript)  
INFO  DecompileSwing.java> Decompiled SwingRegion_140ab94e4 (GhidraScript)  
INFO  DecompileSwing.java> Decompiled SwingRegion_140ab95cb (GhidraScript)  
INFO  DecompileSwing.java> Decompiled SwingRegion_140ab96c0 (GhidraScript)  
INFO  DecompileSwing.java> Decompiled SwingRegion_140ab97e0 (GhidraScript)  
INFO  DecompileSwing.java> Decompiled SwingRegion_140aba1f0 (GhidraScript)  
INFO  DecompileSwing.java> Decompiled SwingRegion_140aba2e8 (GhidraScript)  
INFO  DecompileSwing.java> Decompiled SwingRegion_140aba8a0 (GhidraScript)  
INFO  DecompileSwing.java> Decompiled SwingRegion_140aba8bf (GhidraScript)  
INFO  DecompileSwing.java> Decompiled SwingRegion_140aba9ef (GhidraScript)  
INFO  DecompileSwing.java> Decompiled SwingRegion_140abaac6 (GhidraScript)  
INFO  DecompileSwing.java> Decompiled SwingRegion_140abac40 (GhidraScript)  
INFO  DecompileSwing.java> Decompiled SwingRegion_140abac80 (GhidraScript)  
INFO  DecompileSwing.java> Decompiled SwingRegion_140abac91 (GhidraScript)  
INFO  DecompileSwing.java> Decompiled SwingRegion_140abaced (GhidraScript)  
INFO  DecompileSwing.java> Decompiled SwingRegion_140abacf0 (GhidraScript)  
INFO  DecompileSwing.java> Decompiled SwingRegion_140abad0b (GhidraScript)  
INFO  DecompileSwing.java> Decompiled SwingRegion_140abaeea (GhidraScript)  
INFO  DecompileSwing.java> Decompiled SwingRegion_140abaef0 (GhidraScript)  
INFO  DecompileSwing.java> Decompiled SwingRegion_140abb030 (GhidraScript)  
INFO  DecompileSwing.java> Decompiled SwingRegion_140abb420 (GhidraScript)  
INFO  DecompileSwing.java> Decompiled SwingRegion_140abb47b (GhidraScript)  
INFO  DecompileSwing.java> Decompiled SwingRegion_140abb48a (GhidraScript)  
INFO  DecompileSwing.java> Decompiled SwingRegion_140abb514 (GhidraScript)  
INFO  DecompileSwing.java> Decompiled SwingRegion_140abb783 (GhidraScript)  
INFO  DecompileSwing.java> Decompiled SwingRegion_140abb830 (GhidraScript)  
INFO  DecompileSwing.java> Decompiled SwingRegion_140abb8cc (GhidraScript)  
INFO  DecompileSwing.java> Decompiled SwingRegion_140abb8e0 (GhidraScript)  
INFO  DecompileSwing.java> Decompiled SwingRegion_140abbc12 (GhidraScript)  
INFO  DecompileSwing.java> Decompiled SwingRegion_140abbc3f (GhidraScript)  
INFO  DecompileSwing.java> Decompiled SwingRegion_140abc155 (GhidraScript)  
INFO  DecompileSwing.java> Decompiled SwingRegion_140abc3fc (GhidraScript)  
INFO  DecompileSwing.java> Decompiled SwingRegion_140abc405 (GhidraScript)  
INFO  DecompileSwing.java> Decompiled SwingRegion_140abc460 (GhidraScript)  
INFO  DecompileSwing.java> Decompiled SwingRegion_140abc4a5 (GhidraScript)  
INFO  DecompileSwing.java> Decompiled SwingRegion_140abc5b0 (GhidraScript)  
INFO  DecompileSwing.java> Decompiled SwingRegion_140abc5d0 (GhidraScript)  
INFO  DecompileSwing.java> Decompiled SwingRegion_140abc8c0 (GhidraScript)  
INFO  DecompileSwing.java> Decompiled SwingRegion_140abc958 (GhidraScript)  
INFO  DecompileSwing.java> Decompiled SwingRegion_140abcc11 (GhidraScript)  
INFO  DecompileSwing.java> Decompiled SwingRegion_140abcd46 (GhidraScript)  
INFO  DecompileSwing.java> Decompiled SwingRegion_140abce28 (GhidraScript)  
INFO  DecompileSwing.java> Decompiled SwingRegion_140abce6a (GhidraScript)  
INFO  DecompileSwing.java> Decompiled SwingRegion_140abcf04 (GhidraScript)  
INFO  DecompileSwing.java> Decompiled SwingRegion_140abcf40 (GhidraScript)  
INFO  DecompileSwing.java> Decompiled SwingRegion_140abd610 (GhidraScript)  
INFO  DecompileSwing.java> Decompiled SwingRegion_140abd820 (GhidraScript)  
INFO  DecompileSwing.java> Decompiled SwingRegion_140abdb30 (GhidraScript)  
INFO  DecompileSwing.java> Decompiled SwingRegion_140abf160 (GhidraScript)  
INFO  DecompileSwing.java> Decompiled SwingRegion_140abf4f0 (GhidraScript)  
INFO  DecompileSwing.java> Decompiled SwingRegion_140abf580 (GhidraScript)  
INFO  DecompileSwing.java> Decompiled SwingRegion_140abf850 (GhidraScript)  
INFO  DecompileSwing.java> Decompiled SwingRegion_140abf898 (GhidraScript)  
INFO  DecompileSwing.java> Decompiled SwingRegion_140abf937 (GhidraScript)  
INFO  DecompileSwing.java> Decompiled SwingRegion_140abf9c4 (GhidraScript)  
INFO  DecompileSwing.java> Decompiled SwingRegion_140abfae0 (GhidraScript)  
INFO  DecompileSwing.java> Decompiled SwingRegion_140abfea4 (GhidraScript)  
INFO  DecompileSwing.java> Decompiled SwingRegion_140abff6e (GhidraScript)  
INFO  DecompileSwing.java> Decompiled SwingRegion_140ac00e0 (GhidraScript)  
INFO  DecompileSwing.java> Decompiled SwingRegion_140ac04f0 (GhidraScript)  
INFO  DecompileSwing.java> Decompiled SwingRegion_140ac0b60 (GhidraScript)  
INFO  DecompileSwing.java> Decompiled SwingRegion_140ac0ff0 (GhidraScript)  
INFO  DecompileSwing.java> Decompiled SwingRegion_140ac1430 (GhidraScript)  
INFO  DecompileSwing.java> Decompiled SwingRegion_140ac14ff (GhidraScript)  
INFO  DecompileSwing.java> Decompiled SwingRegion_140ac1614 (GhidraScript)  
INFO  DecompileSwing.java> Decompiled SwingRegion_140ac1680 (GhidraScript)  
INFO  DecompileSwing.java> Decompiled SwingRegion_140ac17aa (GhidraScript)  
INFO  DecompileSwing.java> Decompiled SwingRegion_140ac2040 (GhidraScript)  
INFO  DecompileSwing.java> Decompiled SwingRegion_140ac2090 (GhidraScript)  
INFO  DecompileSwing.java> Decompiled SwingRegion_140ac20d0 (GhidraScript)  
INFO  DecompileSwing.java> Decompiled SwingRegion_140ac2110 (GhidraScript)  
INFO  DecompileSwing.java> Decompiled SwingRegion_140ac2200 (GhidraScript)  
INFO  DecompileSwing.java> Decompiled SwingRegion_140ac2490 (GhidraScript)  
INFO  DecompileSwing.java> Decompiled SwingRegion_140ac2570 (GhidraScript)  
INFO  DecompileSwing.java> Decompiled SwingRegion_140ac271d (GhidraScript)  
INFO  DecompileSwing.java> Decompiled SwingRegion_140ac2725 (GhidraScript)  
INFO  DecompileSwing.java> Decompiled SwingRegion_140ac2b34 (GhidraScript)  
INFO  DecompileSwing.java> Decompiled SwingRegion_140ac2bdd (GhidraScript)  
INFO  DecompileSwing.java> Decompiled SwingRegion_140ac2c00 (GhidraScript)  
INFO  DecompileSwing.java> Decompiled SwingRegion_140ac2cb4 (GhidraScript)  
INFO  DecompileSwing.java> Decompiled SwingRegion_140ac2ce9 (GhidraScript)  
INFO  DecompileSwing.java> Decompiled SwingRegion_140ac2db2 (GhidraScript)  
INFO  DecompileSwing.java> Decompiled SwingRegion_140ac2dba (GhidraScript)  
INFO  DecompileSwing.java> Decompiled SwingRegion_140ac2dd0 (GhidraScript)  
INFO  DecompileSwing.java> SWING_DECOMPILE_COMPLETE: 189 functions (GhidraScript)  
INFO  REPORT: Save succeeded for processed file: /Spider-Man.exe (HeadlessAnalyzer)  
