2026-10-03 00:52:16 INFO  DecompileSwing.java> Decompiled HeroStateSwingLocal_virtual_1  
2026-10-03 00:52:16 INFO  DecompileSwing.java> Decompiled HeroStateSwingLocal_virtual_2  
2026-10-03 00:52:16 INFO  DecompileSwing.java> Decompiled HeroStateSwingLocal_virtual_3  
2026-10-03 00:52:16 INFO  DecompileSwing.java> Decompiled HeroStateSwingLocal_virtual_4  
2026-10-03 00:52:16 INFO  DecompileSwing.java> Decompiled HeroStateSwingLocal_virtual_6  
2026-10-03 00:52:16 INFO  DecompileSwing.java> Decompiled HeroStateSwingLocal_virtual_7  
2026-10-03 00:52:16 INFO  DecompileSwing.java> Decompiled HeroStateSwingLocal_virtual_8  
2026-10-03 00:52:16 INFO  DecompileSwing.java> Decompiled HeroStateSwingLocal_virtual_9  
2026-10-03 00:52:16 INFO  DecompileSwing.java> Decompiled HeroStateSwingLocal_virtual_10  
2026-10-03 00:52:17 INFO  DecompileSwing.java> Decompiled HeroStateSwingLocal_virtual_11  
2026-10-03 00:52:17 INFO  DecompileSwing.java> Decompiled HeroStateSwingLocal_virtual_12  
2026-10-03 00:52:17 INFO  DecompileSwing.java> Decompiled HeroStateSwingLocal_virtual_14  
2026-10-03 00:52:17 INFO  DecompileSwing.java> Decompiled HeroStateSwingLocal_virtual_15  
2026-10-03 00:52:17 INFO  DecompileSwing.java> Decompiled HeroStateSwingLocal_virtual_16  
2026-10-03 00:52:17 INFO  DecompileSwing.java> Decompiled HeroStateSwing_virtual_1  
2026-10-03 00:52:17 INFO  DecompileSwing.java> Decompiled HeroStateSwing_virtual_2  
2026-10-03 00:52:17 INFO  DecompileSwing.java> Decompiled HeroStateSwing_virtual_9  
2026-10-03 00:52:17 INFO  DecompileSwing.java> Decompiled HeroStateSwing_virtual_10  
2026-10-03 00:52:17 INFO  DecompileSwing.java> Decompiled HeroStateSwing_virtual_11  
2026-10-03 00:52:17 INFO  DecompileSwing.java> Decompiled HeroStateSwing_virtual_12  
2026-10-03 00:52:17 INFO  DecompileSwing.java> Decompiled HeroStateSwing_virtual_14  
2026-10-03 00:52:17 INFO  DecompileSwing.java> Decompiled HeroStateSwing_virtual_15  
2026-10-03 00:52:17 INFO  DecompileSwing.java> Decompiled HeroStateSwing_virtual_16  
2026-10-03 00:52:17 INFO  DecompileSwing.java> Decompiled HeroStateSwing_virtual_17  
2026-10-03 00:52:18 INFO  DecompileSwing.java> Decompiled HeroStateSwingJumpLocal_virtual_1  
2026-10-03 00:52:18 INFO  DecompileSwing.java> Decompiled HeroStateSwingJumpLocal_virtual_2  
2026-10-03 00:52:18 INFO  DecompileSwing.java> Decompiled HeroStateSwingJumpLocal_virtual_9  
2026-10-03 00:52:18 INFO  DecompileSwing.java> Decompiled HeroStateSwingJumpLocal_virtual_10  
2026-10-03 00:52:18 INFO  DecompileSwing.java> Decompiled HeroStateSwingJumpLocal_virtual_11  
2026-10-03 00:52:18 INFO  DecompileSwing.java> Decompiled HeroStateSwingJumpLocal_virtual_12  
2026-10-03 00:52:18 INFO  DecompileSwing.java> Decompiled HeroStateSwingJumpLocal_virtual_17  
2026-10-03 00:52:18 INFO  DecompileSwing.java> Decompiled HeroStateSwingJumpLocal_virtual_18  
2026-10-03 00:52:18 INFO  DecompileSwing.java> Decompiled HeroStateSwingJumpLocal_virtual_19  
2026-10-03 00:52:18 INFO  DecompileSwing.java> Decompiled HeroStateSwingJumpLocal_virtual_20  
2026-10-03 00:52:18 INFO  DecompileSwing.java> Decompiled HeroStateSwingJumpLocal_virtual_21  
2026-10-03 00:52:18 INFO  DecompileSwing.java> Decompiled HeroStateSwingJumpLocal_virtual_22  
2026-10-03 00:52:18 INFO  DecompileSwing.java> Decompiled HeroStateSwingJumpLocal_virtual_23  
2026-10-03 00:52:18 INFO  DecompileSwing.java> Decompiled HeroStateSwingJumpLocal_virtual_24  
2026-10-03 00:52:18 INFO  DecompileSwing.java> Decompiled HeroStateSwingJumpLocal_virtual_25  
2026-10-03 00:52:18 INFO  DecompileSwing.java> Decompiled HeroStateSwingJumpLocal_virtual_26  
2026-10-03 00:52:19 INFO  DecompileSwing.java> Decompiled HeroStateSwingJumpLocal_virtual_27  
2026-10-03 00:52:19 INFO  DecompileSwing.java> Decompiled HeroStateSwingJumpLocal_virtual_28  
2026-10-03 00:52:19 INFO  DecompileSwing.java> Decompiled HeroStateSwingJumpLocal_virtual_29  
2026-10-03 00:52:19 INFO  DecompileSwing.java> Decompiled HeroStateSwingJumpLocal_virtual_30  
2026-10-03 00:52:19 INFO  DecompileSwing.java> Decompiled HeroStateSwingJumpLocal_virtual_31  
2026-10-03 00:52:19 INFO  DecompileSwing.java> Decompiled HeroStateSwingJumpLocal_virtual_32  
2026-10-03 00:52:19 INFO  DecompileSwing.java> Decompiled HeroStateSwingJumpLocal_virtual_33  
2026-10-03 00:52:19 INFO  DecompileSwing.java> Decompiled HeroStateSwingJumpLocal_virtual_35  
2026-10-03 00:52:19 INFO  DecompileSwing.java> Decompiled HeroStateSwingJumpLocal_virtual_36  
2026-10-03 00:52:19 INFO  DecompileSwing.java> Decompiled HeroStateSwingJumpLocal_virtual_37  
2026-10-03 00:52:19 INFO  DecompileSwing.java> Decompiled HeroStateSwingJumpLocal_virtual_38  
2026-10-03 00:52:20 INFO  DecompileSwing.java> Decompiled HeroStateSwingJumpLocal_virtual_40  
2026-10-03 00:52:20 INFO  DecompileSwing.java> Decompiled HeroStateSwingJumpLocal_virtual_43  
2026-10-03 00:52:20 INFO  DecompileSwing.java> Decompiled HeroStateSwingJumpLocal_virtual_44  
2026-10-03 00:52:20 INFO  DecompileSwing.java> Decompiled HeroStateSwingJumpLocal_virtual_45  
2026-10-03 00:52:20 INFO  DecompileSwing.java> Decompiled HeroStateSwingJumpLocal_virtual_46  
2026-10-03 00:52:20 INFO  DecompileSwing.java> Decompiled HeroStateSwingJumpLocal_virtual_47  
2026-10-03 00:52:20 INFO  DecompileSwing.java> Decompiled HeroStateSwingIntroJumpLocal_virtual_1  
2026-10-03 00:52:20 INFO  DecompileSwing.java> Decompiled HeroStateSwingIntroJumpLocal_virtual_2  
2026-10-03 00:52:20 INFO  DecompileSwing.java> Decompiled HeroStateSwingIntroJumpLocal_virtual_9  
2026-10-03 00:52:20 INFO  DecompileSwing.java> Decompiled HeroStateSwingIntroJumpLocal_virtual_11  
2026-10-03 00:52:20 INFO  DecompileSwing.java> Decompiled HeroRopeManager_virtual_1  
2026-10-03 00:52:20 INFO  DecompileSwing.java> Decompiled HeroRopeManager_virtual_2  
2026-10-03 00:52:20 INFO  DecompileSwing.java> Decompiled HeroRopeManager_virtual_3  
2026-10-03 00:52:20 INFO  DecompileSwing.java> Decompiled HeroRopeManager_virtual_7  
2026-10-03 00:52:20 INFO  DecompileSwing.java> Decompiled HeroRopeManager_virtual_9  
2026-10-03 00:52:20 INFO  DecompileSwing.java> Decompiled HeroRopeManager_virtual_10  
2026-10-03 00:52:20 INFO  DecompileSwing.java> Decompiled HeroRopeManager_virtual_11  
2026-10-03 00:52:20 INFO  DecompileSwing.java> Decompiled HeroRopeManager_virtual_12  
2026-10-03 00:52:20 INFO  DecompileSwing.java> Decompiled HeroRopeManager_virtual_13  
2026-10-03 00:52:20 INFO  DecompileSwing.java> Decompiled HeroRopeManager_virtual_14  
2026-10-03 00:52:20 INFO  DecompileSwing.java> Decompiled HeroRopeManager_virtual_15  
2026-10-03 00:52:20 INFO  DecompileSwing.java> SWING_DECOMPILE_COMPLETE: 72 functions  
2026-10-03 01:04:13 INFO  DecompileSwing.java> Decompiled SwingRegion_140ab209a  
2026-10-03 01:04:13 INFO  DecompileSwing.java> Decompiled SwingRegion_140ab2107  
2026-10-03 01:04:13 INFO  DecompileSwing.java> Decompiled SwingRegion_140ab2130  
2026-10-03 01:04:13 INFO  DecompileSwing.java> Decompiled SwingRegion_140ab229b  
2026-10-03 01:04:13 INFO  DecompileSwing.java> Decompiled SwingRegion_140ab2353  
2026-10-03 01:04:14 INFO  DecompileSwing.java> Decompiled SwingRegion_140ab23c0  
2026-10-03 01:04:14 INFO  DecompileSwing.java> Decompiled SwingRegion_140ab2660  
2026-10-03 01:04:14 INFO  DecompileSwing.java> Decompiled SwingRegion_140ab26c0  
2026-10-03 01:04:14 INFO  DecompileSwing.java> Decompiled SwingRegion_140ab2708  
2026-10-03 01:04:14 INFO  DecompileSwing.java> Decompiled SwingRegion_140ab278d  
2026-10-03 01:04:14 INFO  DecompileSwing.java> Decompiled SwingRegion_140ab27a0  
2026-10-03 01:04:14 INFO  DecompileSwing.java> Decompiled SwingRegion_140ab2880  
2026-10-03 01:04:14 INFO  DecompileSwing.java> Decompiled SwingRegion_140ab28c0  
2026-10-03 01:04:14 INFO  DecompileSwing.java> Decompiled SwingRegion_140ab28d6  
2026-10-03 01:04:14 INFO  DecompileSwing.java> Decompiled SwingRegion_140ab2980  
2026-10-03 01:04:14 INFO  DecompileSwing.java> Decompiled SwingRegion_140ab2990  
2026-10-03 01:04:14 INFO  DecompileSwing.java> Decompiled SwingRegion_140ab29a1  
2026-10-03 01:04:14 INFO  DecompileSwing.java> Decompiled SwingRegion_140ab29fe  
2026-10-03 01:04:14 INFO  DecompileSwing.java> Decompiled SwingRegion_140ab2a00  
2026-10-03 01:04:14 INFO  DecompileSwing.java> Decompiled SwingRegion_140ab2a80  
2026-10-03 01:04:14 INFO  DecompileSwing.java> Decompiled SwingRegion_140ab2af0  
2026-10-03 01:04:14 INFO  DecompileSwing.java> Decompiled SwingRegion_140ab3280  
2026-10-03 01:04:14 INFO  DecompileSwing.java> Decompiled SwingRegion_140ab3390  
2026-10-03 01:04:14 INFO  DecompileSwing.java> Decompiled SwingRegion_140ab3394  
2026-10-03 01:04:14 INFO  DecompileSwing.java> Decompiled SwingRegion_140ab33ac  
2026-10-03 01:04:14 INFO  DecompileSwing.java> Decompiled SwingRegion_140ab343e  
2026-10-03 01:04:14 INFO  DecompileSwing.java> Decompiled SwingRegion_140ab34a4  
2026-10-03 01:04:14 INFO  DecompileSwing.java> Decompiled SwingRegion_140ab35d2  
2026-10-03 01:04:14 INFO  DecompileSwing.java> Decompiled SwingRegion_140ab3657  
2026-10-03 01:04:14 INFO  DecompileSwing.java> Decompiled SwingRegion_140ab3690  
2026-10-03 01:04:14 INFO  DecompileSwing.java> Decompiled SwingRegion_140ab36d0  
2026-10-03 01:04:15 INFO  DecompileSwing.java> Decompiled SwingRegion_140ab3720  
2026-10-03 01:04:15 INFO  DecompileSwing.java> Decompiled SwingRegion_140ab3731  
2026-10-03 01:04:15 INFO  DecompileSwing.java> Decompiled SwingRegion_140ab378d  
2026-10-03 01:04:15 INFO  DecompileSwing.java> Decompiled SwingRegion_140ab3790  
2026-10-03 01:04:15 INFO  DecompileSwing.java> Decompiled SwingRegion_140ab3820  
2026-10-03 01:04:15 INFO  DecompileSwing.java> Decompiled SwingRegion_140ab38e0  
2026-10-03 01:04:15 INFO  DecompileSwing.java> Decompiled SwingRegion_140ab3bc0  
2026-10-03 01:04:15 INFO  DecompileSwing.java> Decompiled SwingRegion_140ab3c20  
2026-10-03 01:04:15 INFO  DecompileSwing.java> Decompiled SwingRegion_140ab3c4b  
2026-10-03 01:04:15 INFO  DecompileSwing.java> Decompiled SwingRegion_140ab3cb8  
2026-10-03 01:04:15 INFO  DecompileSwing.java> Decompiled SwingRegion_140ab3d49  
2026-10-03 01:04:15 INFO  DecompileSwing.java> Decompiled SwingRegion_140ab3d72  
2026-10-03 01:04:15 INFO  DecompileSwing.java> Decompiled SwingRegion_140ab3d80  
2026-10-03 01:04:15 INFO  DecompileSwing.java> Decompiled SwingRegion_140ab3e1c  
2026-10-03 01:04:15 INFO  DecompileSwing.java> Decompiled SwingRegion_140ab3e97  
2026-10-03 01:04:15 INFO  DecompileSwing.java> Decompiled SwingRegion_140ab3ee0  
2026-10-03 01:04:15 INFO  DecompileSwing.java> Decompiled SwingRegion_140ab40c0  
2026-10-03 01:04:15 INFO  DecompileSwing.java> Decompiled SwingRegion_140ab42f0  
2026-10-03 01:04:15 INFO  DecompileSwing.java> Decompiled SwingRegion_140ab4380  
2026-10-03 01:04:15 INFO  DecompileSwing.java> Decompiled SwingRegion_140ab43d0  
2026-10-03 01:04:15 INFO  DecompileSwing.java> Decompiled SwingRegion_140ab4410  
2026-10-03 01:04:15 INFO  DecompileSwing.java> Decompiled SwingRegion_140ab4450  
2026-10-03 01:04:15 INFO  DecompileSwing.java> Decompiled SwingRegion_140ab4a70  
2026-10-03 01:04:15 INFO  DecompileSwing.java> Decompiled SwingRegion_140ab4ac0  
2026-10-03 01:04:15 INFO  DecompileSwing.java> Decompiled SwingRegion_140ab4ba0  
2026-10-03 01:04:15 INFO  DecompileSwing.java> Decompiled SwingRegion_140ab4c20  
2026-10-03 01:04:15 INFO  DecompileSwing.java> Decompiled SwingRegion_140ab4cc0  
2026-10-03 01:04:16 INFO  DecompileSwing.java> Decompiled SwingRegion_140ab4ced  
2026-10-03 01:04:16 INFO  DecompileSwing.java> Decompiled SwingRegion_140ab4cfd  
2026-10-03 01:04:17 INFO  DecompileSwing.java> Decompiled SwingRegion_140ab4d3c  
2026-10-03 01:04:17 INFO  DecompileSwing.java> Decompiled SwingRegion_140ab4e86  
2026-10-03 01:04:17 INFO  DecompileSwing.java> Decompiled SwingRegion_140ab524c  
2026-10-03 01:04:17 INFO  DecompileSwing.java> Decompiled SwingRegion_140ab5418  
2026-10-03 01:04:17 INFO  DecompileSwing.java> Decompiled SwingRegion_140ab5451  
2026-10-03 01:04:17 INFO  DecompileSwing.java> Decompiled SwingRegion_140ab5527  
2026-10-03 01:04:17 INFO  DecompileSwing.java> Decompiled SwingRegion_140ab555a  
2026-10-03 01:04:17 INFO  DecompileSwing.java> Decompiled SwingRegion_140ab5563  
2026-10-03 01:04:17 INFO  DecompileSwing.java> Decompiled SwingRegion_140ab5ae0  
2026-10-03 01:04:17 INFO  DecompileSwing.java> Decompiled SwingRegion_140ab5e60  
2026-10-03 01:04:18 INFO  DecompileSwing.java> Decompiled SwingRegion_140ab6750  
2026-10-03 01:04:18 INFO  DecompileSwing.java> Decompiled SwingRegion_140ab67af  
2026-10-03 01:04:19 INFO  DecompileSwing.java> Decompiled SwingRegion_140ab67cd  
2026-10-03 01:04:19 INFO  DecompileSwing.java> Decompiled SwingRegion_140ab72e3  
2026-10-03 01:04:19 INFO  DecompileSwing.java> Decompiled SwingRegion_140ab73f9  
2026-10-03 01:04:19 INFO  DecompileSwing.java> Decompiled SwingRegion_140ab753d  
2026-10-03 01:04:19 INFO  DecompileSwing.java> Decompiled SwingRegion_140ab7687  
2026-10-03 01:04:19 INFO  DecompileSwing.java> Decompiled SwingRegion_140ab76a6  
2026-10-03 01:04:19 INFO  DecompileSwing.java> Decompiled SwingRegion_140ab775a  
2026-10-03 01:04:19 INFO  DecompileSwing.java> Decompiled SwingRegion_140ab77e0  
2026-10-03 01:04:19 INFO  DecompileSwing.java> Decompiled SwingRegion_140ab7a0b  
2026-10-03 01:04:19 INFO  DecompileSwing.java> Decompiled SwingRegion_140ab7b30  
2026-10-03 01:04:19 INFO  DecompileSwing.java> Decompiled SwingRegion_140ab7ee0  
2026-10-03 01:04:19 INFO  DecompileSwing.java> Decompiled SwingRegion_140ab81e0  
2026-10-03 01:04:19 INFO  DecompileSwing.java> Decompiled SwingRegion_140ab820b  
2026-10-03 01:04:19 INFO  DecompileSwing.java> Decompiled SwingRegion_140ab832f  
2026-10-03 01:04:19 INFO  DecompileSwing.java> Decompiled SwingRegion_140ab836e  
2026-10-03 01:04:19 INFO  DecompileSwing.java> Decompiled SwingRegion_140ab83f4  
2026-10-03 01:04:19 INFO  DecompileSwing.java> Decompiled SwingRegion_140ab8410  
2026-10-03 01:04:19 INFO  DecompileSwing.java> Decompiled SwingRegion_140ab8900  
2026-10-03 01:04:19 INFO  DecompileSwing.java> Decompiled SwingRegion_140ab8af0  
2026-10-03 01:04:19 INFO  DecompileSwing.java> Decompiled SwingRegion_140ab8b43  
2026-10-03 01:04:19 INFO  DecompileSwing.java> Decompiled SwingRegion_140ab8be7  
2026-10-03 01:04:19 INFO  DecompileSwing.java> Decompiled SwingRegion_140ab8d00  
2026-10-03 01:04:19 INFO  DecompileSwing.java> Decompiled SwingRegion_140ab8d18  
2026-10-03 01:04:19 INFO  DecompileSwing.java> Decompiled SwingRegion_140ab8d78  
2026-10-03 01:04:19 INFO  DecompileSwing.java> Decompiled SwingRegion_140ab8e3d  
2026-10-03 01:04:19 INFO  DecompileSwing.java> Decompiled SwingRegion_140ab8e4a  
2026-10-03 01:04:19 INFO  DecompileSwing.java> Decompiled SwingRegion_140ab8ef0  
2026-10-03 01:04:19 INFO  DecompileSwing.java> Decompiled SwingRegion_140ab9040  
2026-10-03 01:04:19 INFO  DecompileSwing.java> Decompiled SwingRegion_140ab90ab  
2026-10-03 01:04:19 INFO  DecompileSwing.java> Decompiled SwingRegion_140ab91cc  
2026-10-03 01:04:19 INFO  DecompileSwing.java> Decompiled SwingRegion_140ab9200  
2026-10-03 01:04:19 INFO  DecompileSwing.java> Decompiled SwingRegion_140ab9410  
2026-10-03 01:04:19 INFO  DecompileSwing.java> Decompiled SwingRegion_140ab944b  
2026-10-03 01:04:19 INFO  DecompileSwing.java> Decompiled SwingRegion_140ab94b6  
2026-10-03 01:04:19 INFO  DecompileSwing.java> Decompiled SwingRegion_140ab94e4  
2026-10-03 01:04:19 INFO  DecompileSwing.java> Decompiled SwingRegion_140ab95cb  
2026-10-03 01:04:19 INFO  DecompileSwing.java> Decompiled SwingRegion_140ab96c0  
2026-10-03 01:04:19 INFO  DecompileSwing.java> Decompiled SwingRegion_140ab97e0  
2026-10-03 01:04:19 INFO  DecompileSwing.java> Decompiled SwingRegion_140aba1f0  
2026-10-03 01:04:19 INFO  DecompileSwing.java> Decompiled SwingRegion_140aba2e8  
2026-10-03 01:04:19 INFO  DecompileSwing.java> Decompiled SwingRegion_140aba8a0  
2026-10-03 01:04:20 INFO  DecompileSwing.java> Decompiled SwingRegion_140aba8bf  
2026-10-03 01:04:20 INFO  DecompileSwing.java> Decompiled SwingRegion_140aba9ef  
2026-10-03 01:04:20 INFO  DecompileSwing.java> Decompiled SwingRegion_140abaac6  
2026-10-03 01:04:20 INFO  DecompileSwing.java> Decompiled SwingRegion_140abac40  
2026-10-03 01:04:20 INFO  DecompileSwing.java> Decompiled SwingRegion_140abac80  
2026-10-03 01:04:20 INFO  DecompileSwing.java> Decompiled SwingRegion_140abac91  
2026-10-03 01:04:20 INFO  DecompileSwing.java> Decompiled SwingRegion_140abaced  
2026-10-03 01:04:20 INFO  DecompileSwing.java> Decompiled SwingRegion_140abacf0  
2026-10-03 01:04:20 INFO  DecompileSwing.java> Decompiled SwingRegion_140abad0b  
2026-10-03 01:04:20 INFO  DecompileSwing.java> Decompiled SwingRegion_140abaeea  
2026-10-03 01:04:20 INFO  DecompileSwing.java> Decompiled SwingRegion_140abaef0  
2026-10-03 01:04:20 INFO  DecompileSwing.java> Decompiled SwingRegion_140abb030  
2026-10-03 01:04:20 INFO  DecompileSwing.java> Decompiled SwingRegion_140abb420  
2026-10-03 01:04:20 INFO  DecompileSwing.java> Decompiled SwingRegion_140abb47b  
2026-10-03 01:04:20 INFO  DecompileSwing.java> Decompiled SwingRegion_140abb48a  
2026-10-03 01:04:20 INFO  DecompileSwing.java> Decompiled SwingRegion_140abb514  
2026-10-03 01:04:20 INFO  DecompileSwing.java> Decompiled SwingRegion_140abb783  
2026-10-03 01:04:20 INFO  DecompileSwing.java> Decompiled SwingRegion_140abb830  
2026-10-03 01:04:20 INFO  DecompileSwing.java> Decompiled SwingRegion_140abb8cc  
2026-10-03 01:04:20 INFO  DecompileSwing.java> Decompiled SwingRegion_140abb8e0  
2026-10-03 01:04:20 INFO  DecompileSwing.java> Decompiled SwingRegion_140abbc12  
2026-10-03 01:04:20 INFO  DecompileSwing.java> Decompiled SwingRegion_140abbc3f  
2026-10-03 01:04:20 INFO  DecompileSwing.java> Decompiled SwingRegion_140abc155  
2026-10-03 01:04:20 INFO  DecompileSwing.java> Decompiled SwingRegion_140abc3fc  
2026-10-03 01:04:20 INFO  DecompileSwing.java> Decompiled SwingRegion_140abc405  
2026-10-03 01:04:20 INFO  DecompileSwing.java> Decompiled SwingRegion_140abc460  
2026-10-03 01:04:20 INFO  DecompileSwing.java> Decompiled SwingRegion_140abc4a5  
2026-10-03 01:04:20 INFO  DecompileSwing.java> Decompiled SwingRegion_140abc5b0  
2026-10-03 01:04:20 INFO  DecompileSwing.java> Decompiled SwingRegion_140abc5d0  
2026-10-03 01:04:20 INFO  DecompileSwing.java> Decompiled SwingRegion_140abc8c0  
2026-10-03 01:04:20 INFO  DecompileSwing.java> Decompiled SwingRegion_140abc958  
2026-10-03 01:04:20 INFO  DecompileSwing.java> Decompiled SwingRegion_140abcc11  
2026-10-03 01:04:20 INFO  DecompileSwing.java> Decompiled SwingRegion_140abcd46  
2026-10-03 01:04:20 INFO  DecompileSwing.java> Decompiled SwingRegion_140abce28  
2026-10-03 01:04:20 INFO  DecompileSwing.java> Decompiled SwingRegion_140abce6a  
2026-10-03 01:04:20 INFO  DecompileSwing.java> Decompiled SwingRegion_140abcf04  
2026-10-03 01:04:20 INFO  DecompileSwing.java> Decompiled SwingRegion_140abcf40  
2026-10-03 01:04:20 INFO  DecompileSwing.java> Decompiled SwingRegion_140abd610  
2026-10-03 01:04:20 INFO  DecompileSwing.java> Decompiled SwingRegion_140abd820  
2026-10-03 01:04:21 INFO  DecompileSwing.java> Decompiled SwingRegion_140abdb30  
2026-10-03 01:04:21 INFO  DecompileSwing.java> Decompiled SwingRegion_140abf160  
2026-10-03 01:04:21 INFO  DecompileSwing.java> Decompiled SwingRegion_140abf4f0  
2026-10-03 01:04:21 INFO  DecompileSwing.java> Decompiled SwingRegion_140abf580  
2026-10-03 01:04:21 INFO  DecompileSwing.java> Decompiled SwingRegion_140abf850  
2026-10-03 01:04:21 INFO  DecompileSwing.java> Decompiled SwingRegion_140abf898  
2026-10-03 01:04:21 INFO  DecompileSwing.java> Decompiled SwingRegion_140abf937  
2026-10-03 01:04:21 INFO  DecompileSwing.java> Decompiled SwingRegion_140abf9c4  
2026-10-03 01:04:21 INFO  DecompileSwing.java> Decompiled SwingRegion_140abfae0  
2026-10-03 01:04:21 INFO  DecompileSwing.java> Decompiled SwingRegion_140abfea4  
2026-10-03 01:04:21 INFO  DecompileSwing.java> Decompiled SwingRegion_140abff6e  
2026-10-03 01:04:21 INFO  DecompileSwing.java> Decompiled SwingRegion_140ac00e0  
2026-10-03 01:04:21 INFO  DecompileSwing.java> Decompiled SwingRegion_140ac04f0  
2026-10-03 01:04:21 INFO  DecompileSwing.java> Decompiled SwingRegion_140ac0b60  
2026-10-03 01:04:21 INFO  DecompileSwing.java> Decompiled SwingRegion_140ac0ff0  
2026-10-03 01:04:21 INFO  DecompileSwing.java> Decompiled SwingRegion_140ac1430  
2026-10-03 01:04:21 INFO  DecompileSwing.java> Decompiled SwingRegion_140ac14ff  
2026-10-03 01:04:21 INFO  DecompileSwing.java> Decompiled SwingRegion_140ac1614  
2026-10-03 01:04:21 INFO  DecompileSwing.java> Decompiled SwingRegion_140ac1680  
2026-10-03 01:04:21 INFO  DecompileSwing.java> Decompiled SwingRegion_140ac17aa  
2026-10-03 01:04:21 INFO  DecompileSwing.java> Decompiled SwingRegion_140ac2040  
2026-10-03 01:04:21 INFO  DecompileSwing.java> Decompiled SwingRegion_140ac2090  
2026-10-03 01:04:21 INFO  DecompileSwing.java> Decompiled SwingRegion_140ac20d0  
2026-10-03 01:04:21 INFO  DecompileSwing.java> Decompiled SwingRegion_140ac2110  
2026-10-03 01:04:21 INFO  DecompileSwing.java> Decompiled SwingRegion_140ac2200  
2026-10-03 01:04:21 INFO  DecompileSwing.java> Decompiled SwingRegion_140ac2490  
2026-10-03 01:04:21 INFO  DecompileSwing.java> Decompiled SwingRegion_140ac2570  
2026-10-03 01:04:21 INFO  DecompileSwing.java> Decompiled SwingRegion_140ac271d  
2026-10-03 01:04:21 INFO  DecompileSwing.java> Decompiled SwingRegion_140ac2725  
2026-10-03 01:04:21 INFO  DecompileSwing.java> Decompiled SwingRegion_140ac2b34  
2026-10-03 01:04:21 INFO  DecompileSwing.java> Decompiled SwingRegion_140ac2bdd  
2026-10-03 01:04:21 INFO  DecompileSwing.java> Decompiled SwingRegion_140ac2c00  
2026-10-03 01:04:21 INFO  DecompileSwing.java> Decompiled SwingRegion_140ac2cb4  
2026-10-03 01:04:21 INFO  DecompileSwing.java> Decompiled SwingRegion_140ac2ce9  
2026-10-03 01:04:21 INFO  DecompileSwing.java> Decompiled SwingRegion_140ac2db2  
2026-10-03 01:04:21 INFO  DecompileSwing.java> Decompiled SwingRegion_140ac2dba  
2026-10-03 01:04:21 INFO  DecompileSwing.java> Decompiled SwingRegion_140ac2dd0  
2026-10-03 01:04:21 INFO  DecompileSwing.java> SWING_DECOMPILE_COMPLETE: 189 functions  
