00:00.375  blend            | Read blend: "H:\SteamLibrary\steamapps\common\Marvel's Spider-Man Remastered\spiderman_bevy\tools\character.blend"
(0.35637032985687256, 23483, [('LF_loarm_bind_5', 0.5507810115814209), ('LF_wrist', 0.3984380066394806), ('LF_finger_A_A', 0.023437999188899994), ('LF_thumb_A', 0.015625), ('LF_finger_B_A', 0.011718999594449997)])
LF_loarm_bind_5 pose head (0.359, -0.007, 0.914) delta quaternion (0.68, 0.47, -0.361, 0.432)
LF_wrist pose head (0.359, -0.007, 0.914) delta quaternion (0.375, -0.607, -0.386, 0.585)
LF_finger_A_A pose head (0.356, -0.036, 0.903) delta quaternion (0.415, -0.623, -0.346, 0.566)
LF_thumb_A pose head (0.338, -0.039, 0.907) delta quaternion (0.421, -0.751, 0.484, 0.155)
LF_finger_B_A pose head (0.358, -0.017, 0.903) delta quaternion (0.385, -0.614, -0.375, 0.578)
(0.3637102544307709, 23531, [('LF_loarm_bind_5', 0.5234379768371582), ('LF_wrist', 0.4765619933605194)])
LF_loarm_bind_5 pose head (0.359, -0.007, 0.914) delta quaternion (0.68, 0.47, -0.361, 0.432)
LF_wrist pose head (0.359, -0.007, 0.914) delta quaternion (0.375, -0.607, -0.386, 0.585)
(0.36824744939804077, 23492, [('LF_loarm_bind_5', 0.5390620231628418), ('LF_wrist', 0.4453119933605194), ('LF_finger_B_A', 0.015625)])
LF_loarm_bind_5 pose head (0.359, -0.007, 0.914) delta quaternion (0.68, 0.47, -0.361, 0.432)
LF_wrist pose head (0.359, -0.007, 0.914) delta quaternion (0.375, -0.607, -0.386, 0.585)
LF_finger_B_A pose head (0.358, -0.017, 0.903) delta quaternion (0.385, -0.614, -0.375, 0.578)
(0.3683502674102783, 23494, [('LF_loarm_bind_5', 0.5390620231628418), ('LF_wrist', 0.4609380066394806)])
LF_loarm_bind_5 pose head (0.359, -0.007, 0.914) delta quaternion (0.68, 0.47, -0.361, 0.432)
LF_wrist pose head (0.359, -0.007, 0.914) delta quaternion (0.375, -0.607, -0.386, 0.585)
(0.3683502674102783, 23496, [('LF_loarm_bind_5', 0.5390620231628418), ('LF_wrist', 0.4609380066394806)])
LF_loarm_bind_5 pose head (0.359, -0.007, 0.914) delta quaternion (0.68, 0.47, -0.361, 0.432)
LF_wrist pose head (0.359, -0.007, 0.914) delta quaternion (0.375, -0.607, -0.386, 0.585)
(0.3794234097003937, 23530, [('LF_loarm_bind_5', 0.5625), ('LF_wrist', 0.4375)])
LF_loarm_bind_5 pose head (0.359, -0.007, 0.914) delta quaternion (0.68, 0.47, -0.361, 0.432)
LF_wrist pose head (0.359, -0.007, 0.914) delta quaternion (0.375, -0.607, -0.386, 0.585)
Blender 5.0.1 (hash a3db93c5b259 built 2025-12-16 01:32:30)

Blender quit
