00:00.281  blend            | Read blend: "H:\SteamLibrary\steamapps\common\Marvel's Spider-Man Remastered\spiderman_bevy\tools\character.blend"
INFO Draco mesh compression is available, use library at H:\SteamLibrary\steamapps\common\Marvel's Spider-Man Remastered\spiderman_bevy\tools\blender-5.0.1-windows-x64\5.0\scripts\addons_core\io_scene_gltf2\extern_draco.dll
01:09:29 | INFO: Starting glTF 2.0 export
01:09:29 | INFO: Extracting primitive: SuitPart_00
01:09:29 | INFO: Primitives created: 1
01:09:29 | WARNING: There are more than 4 joint vertex influences.The 4 with highest weight will be used (and normalized).
01:09:29 | INFO: Extracting primitive: SuitPart_01
01:09:29 | INFO: Primitives created: 1
01:09:29 | INFO: Extracting primitive: SuitPart_02
01:09:29 | INFO: Primitives created: 1
01:09:29 | INFO: Extracting primitive: SuitPart_03
01:09:29 | INFO: Primitives created: 1
01:09:29 | INFO: Extracting primitive: SuitPart_04
01:09:29 | INFO: Primitives created: 1
01:09:29 | INFO: Extracting primitive: SuitPart_05
01:09:29 | INFO: Primitives created: 1
01:09:29 | INFO: Extracting primitive: SuitPart_06
01:09:29 | INFO: Primitives created: 1
01:09:29 | INFO: Extracting primitive: SuitPart_07
01:09:29 | INFO: Primitives created: 1
01:09:29 | INFO: Extracting primitive: SuitPart_08
01:09:29 | INFO: Primitives created: 1
01:09:29 | INFO: Extracting primitive: SuitPart_09
01:09:29 | INFO: Primitives created: 1
01:09:29 | INFO: Extracting primitive: SuitPart_10
01:09:29 | INFO: Primitives created: 1
01:09:29 | INFO: Extracting primitive: SuitPart_11
01:09:29 | INFO: Primitives created: 1
01:09:29 | INFO: Extracting primitive: SuitPart_12
01:09:29 | INFO: Primitives created: 1
01:09:29 | INFO: Extracting primitive: SuitPart_13
01:09:29 | INFO: Primitives created: 1
01:09:29 | INFO: Extracting primitive: SuitPart_14
01:09:29 | INFO: Primitives created: 1
01:09:29 | INFO: Extracting primitive: SuitPart_15
01:09:29 | INFO: Primitives created: 1
01:09:29 | INFO: Extracting primitive: SuitPart_16
01:09:29 | INFO: Primitives created: 1
01:09:29 | INFO: Extracting primitive: SuitPart_17
01:09:29 | INFO: Primitives created: 1
01:09:30 | INFO: Finished glTF 2.0 export in 0.7719995975494385 s

Blender 5.0.1 (hash a3db93c5b259 built 2025-12-16 01:32:30)

Blender quit
