BLENDER_BIND_VERIFIED 2.0444393157958984e-05
H:\SteamLibrary\steamapps\common\Marvel's Spider-Man Remastered\spiderman_bevy\tools\convert_character.py:63: DeprecationWarning: 'Material.use_nodes' is expected to be removed in Blender 6.0
  mat=bpy.data.materials.new(name); mat.use_nodes=True; bsdf=mat.node_tree.nodes.get('Principled BSDF')
MESH 0 23952 36914 hero_spiderman_body_modcolor
MESH 1 13374 24410 hero_spiderman_glove_modcolor
MESH 2 162 260 hero_spiderman_leg
MESH 3 1060 1336 hero_spiderman_newgauntlet
MESH 4 2766 3928 hero_spiderman_shoe
MESH 5 4313 4544 hero_spiderman_spider_sign
MESH 6 9245 8119 hero_spiderman_webshooter
MESH 7 412 559 hero_spiderman_webshooter_glass
MESH 8 15174 26436 reviewasset_spiderman_leg_modcolor
MESH 9 2518 3636 reviewasset_spiderman_shoe_modcolor
MESH 10 5852 8058 spiderman_gauntlet_mat
MESH 11 262 398 spiderman_whitelegs_mat
MESH 12 1183 1836 spiderman_whiteshoes_mat
MESH 13 202 324 hero_spiderman_eye_base
MESH 14 202 324 hero_spiderman_eye_lense
MESH 15 7219 7744 hero_spiderman_eyeshutters
MESH 16 1102 1128 hero_spiderman_head_eyeframe
MESH 17 2380 3510 hero_spiderman_head_newweb
Info: Animation: 80 paged samples @ 30.00 FPS (Dur: 2.63s)
Info: Creating 76 placeholder bones for joints missing from model
Info: Imported 80 frames for 273 bones
Info: Imported 1 clip.
CLIP_OK stand_chargejump_fwd_spiderman {'name': 'stand_chargejump_fwd_spiderman', 'duration': 2.6333333333333333, 'source_fps': 30.0, 'looping': False, 'additive': False, 'native_duration': 2.633333444595337}
Info: Animation: 52 paged samples @ 30.00 FPS (Dur: 1.70s)
Info: Creating 76 placeholder bones for joints missing from model
Info: Imported 52 frames for 273 bones
Info: Imported 1 clip.
CLIP_OK stand_chargejump_up_spiderman {'name': 'stand_chargejump_up_spiderman', 'duration': 1.7, 'source_fps': 30.0, 'looping': False, 'additive': False, 'native_duration': 1.7000000476837158}
Info: Animation: 358 paged samples @ 30.00 FPS (Dur: 11.93s)
Info: Creating 60 placeholder bones for joints missing from model
Info: Imported 358 frames for 257 bones
Info: Imported 1 clip.
CLIP_OK stand_idle_spiderman {'name': 'stand_idle_spiderman', 'duration': 11.933333333333334, 'source_fps': 30.0, 'looping': True, 'additive': False, 'native_duration': 11.933333396911621}
Info: Animation: 66 paged samples @ 30.00 FPS (Dur: 2.17s)
Info: Creating 60 placeholder bones for joints missing from model
Info: Imported 66 frames for 257 bones
Info: Imported 1 clip.
CLIP_OK stand_jog_fwd_spiderman {'name': 'stand_jog_fwd_spiderman', 'duration': 2.1666666666666665, 'source_fps': 30.0, 'looping': False, 'additive': False, 'native_duration': 2.1666667461395264}
Info: Animation: 58 paged samples @ 30.00 FPS (Dur: 1.90s)
Info: Creating 60 placeholder bones for joints missing from model
Info: Imported 58 frames for 257 bones
Info: Imported 1 clip.
CLIP_OK stand_jump_land_spiderman {'name': 'stand_jump_land_spiderman', 'duration': 1.9, 'source_fps': 30.0, 'looping': False, 'additive': False, 'native_duration': 1.899999976158142}
Info: Animation: 29 paged samples @ 30.00 FPS (Dur: 0.93s)
Info: Creating 60 placeholder bones for joints missing from model
Info: Imported 29 frames for 257 bones
Info: Imported 1 clip.
CLIP_OK stand_jump_spiderman {'name': 'stand_jump_spiderman', 'duration': 0.9333333333333333, 'source_fps': 30.0, 'looping': False, 'additive': False, 'native_duration': 0.9333333373069763}
Info: Animation: 17 paged samples @ 30.00 FPS (Dur: 0.57s)
Info: Creating 60 placeholder bones for joints missing from model
Info: Imported 17 frames for 257 bones
Info: Imported 1 clip.
CLIP_OK stand_sprint_fwd_spiderman {'name': 'stand_sprint_fwd_spiderman', 'duration': 0.5666666666666667, 'source_fps': 30.0, 'looping': True, 'additive': False, 'native_duration': 0.5666666626930237}
Info: Animation: 55 paged samples @ 30.00 FPS (Dur: 1.80s)
Info: Creating 60 placeholder bones for joints missing from model
Info: Imported 55 frames for 257 bones
Info: Imported 1 clip.
CLIP_OK stand_sprint_high_jump_fwd_spiderman {'name': 'stand_sprint_high_jump_fwd_spiderman', 'duration': 1.8, 'source_fps': 30.0, 'looping': False, 'additive': False, 'native_duration': 1.7999999523162842}
Info: Animation: 51 paged samples @ 30.00 FPS (Dur: 1.67s)
Info: Creating 76 placeholder bones for joints missing from model
Info: Imported 51 frames for 273 bones
Info: Imported 1 clip.
CLIP_OK air_tofastfall_spiderman {'name': 'air_tofastfall_spiderman', 'duration': 1.6666666666666667, 'source_fps': 30.0, 'looping': False, 'additive': False, 'native_duration': 1.6666666269302368}
Info: Animation: 107 paged samples @ 30.00 FPS (Dur: 3.57s)
Info: Creating 76 placeholder bones for joints missing from model
Info: Imported 107 frames for 273 bones
Info: Imported 1 clip.
CLIP_OK fall_cycle_spiderman {'name': 'fall_cycle_spiderman', 'duration': 3.566666666666667, 'source_fps': 30.0, 'looping': True, 'additive': False, 'native_duration': 3.566666603088379}
Info: Animation: 14 paged samples @ 30.00 FPS (Dur: 0.43s)
Info: Creating 60 placeholder bones for joints missing from model
Info: Imported 14 frames for 257 bones
Info: Imported 1 clip.
CLIP_OK fall_toland_spiderman {'name': 'fall_toland_spiderman', 'duration': 0.43333333333333335, 'source_fps': 30.0, 'looping': False, 'additive': False, 'native_duration': 0.4333333373069763}
Info: Animation: 97 paged samples @ 30.00 FPS (Dur: 3.23s)
Info: Creating 76 placeholder bones for joints missing from model
Info: Imported 97 frames for 273 bones
Info: Imported 1 clip.
CLIP_OK fastfall_spiderman {'name': 'fastfall_spiderman', 'duration': 3.2333333333333334, 'source_fps': 30.0, 'looping': True, 'additive': False, 'native_duration': 3.2333333492279053}
Info: Animation: 50 paged samples @ 30.00 FPS (Dur: 1.67s)
Info: Creating 76 placeholder bones for joints missing from model
Info: Imported 50 frames for 273 bones
Info: Imported 1 clip.
CLIP_OK skydive_spiderman {'name': 'skydive_spiderman', 'duration': 1.6666666666666667, 'source_fps': 30.0, 'looping': True, 'additive': False, 'native_duration': 1.6666666269302368}
Info: Animation: 35 paged samples @ 30.00 FPS (Dur: 1.13s)
Info: Creating 76 placeholder bones for joints missing from model
Info: Imported 35 frames for 273 bones
Info: Imported 1 clip.
CLIP_OK wall_run_jump_spin_rt_spiderman {'name': 'wall_run_jump_spin_rt_spiderman', 'duration': 1.1333333333333333, 'source_fps': 30.0, 'looping': False, 'additive': False, 'native_duration': 1.1333333253860474}
Info: Animation: 2 paged samples @ 30.00 FPS (Dur: 0.03s)
Info: Creating 4 placeholder bones for joints missing from model
Info: Imported 2 frames for 156 bones
Info: Imported 1 clip.
CLIP_OK web_swing_2rh_000_bend_l_spiderman {'name': 'web_swing_2rh_000_bend_l_spiderman', 'duration': 0.03333333333333333, 'source_fps': 30.0, 'looping': False, 'additive': True, 'native_duration': 0.03333333507180214}
Info: Animation: 2 paged samples @ 30.00 FPS (Dur: 0.03s)
Info: Creating 4 placeholder bones for joints missing from model
Info: Imported 2 frames for 156 bones
Info: Imported 1 clip.
CLIP_OK web_swing_2rh_000_bend_r_spiderman {'name': 'web_swing_2rh_000_bend_r_spiderman', 'duration': 0.03333333333333333, 'source_fps': 30.0, 'looping': False, 'additive': True, 'native_duration': 0.03333333507180214}
Info: Animation: 2 paged samples @ 30.00 FPS (Dur: 0.03s)
Info: Creating 4 placeholder bones for joints missing from model
Info: Imported 2 frames for 156 bones
Info: Imported 1 clip.
CLIP_OK web_swing_2rh_000_twist_0_spiderman {'name': 'web_swing_2rh_000_twist_0_spiderman', 'duration': 0.03333333333333333, 'source_fps': 30.0, 'looping': False, 'additive': True, 'native_duration': 0.03333333507180214}
Info: Animation: 2 paged samples @ 30.00 FPS (Dur: 0.03s)
Info: Creating 4 placeholder bones for joints missing from model
Info: Imported 2 frames for 156 bones
Info: Imported 1 clip.
CLIP_OK web_swing_2rh_045_twist_0_spiderman {'name': 'web_swing_2rh_045_twist_0_spiderman', 'duration': 0.03333333333333333, 'source_fps': 30.0, 'looping': False, 'additive': True, 'native_duration': 0.03333333507180214}
Info: Animation: 143 paged samples @ 30.00 FPS (Dur: 4.73s)
Info: Creating 76 placeholder bones for joints missing from model
Info: Imported 143 frames for 273 bones
Info: Imported 1 clip.
CLIP_OK web_swing_fwd_rh_spiderman {'name': 'web_swing_fwd_rh_spiderman', 'duration': 4.733333333333333, 'source_fps': 30.0, 'looping': False, 'additive': False, 'native_duration': 4.733333110809326}
Info: Animation: 20 paged samples @ 30.00 FPS (Dur: 0.63s)
Info: Creating 76 placeholder bones for joints missing from model
Info: Imported 20 frames for 273 bones
Info: Imported 1 clip.
CLIP_OK web_swing_intro_fromair_fwd_spiderman {'name': 'web_swing_intro_fromair_fwd_spiderman', 'duration': 0.6333333333333333, 'source_fps': 30.0, 'looping': False, 'additive': False, 'native_duration': 0.6333333253860474}
Info: Animation: 24 paged samples @ 30.00 FPS (Dur: 0.77s)
Info: Creating 76 placeholder bones for joints missing from model
Info: Imported 24 frames for 273 bones
Info: Imported 1 clip.
CLIP_OK web_swing_intro_fromairaggro_fwd_rh_spiderman {'name': 'web_swing_intro_fromairaggro_fwd_rh_spiderman', 'duration': 0.7666666666666667, 'source_fps': 30.0, 'looping': False, 'additive': False, 'native_duration': 0.7666666507720947}
Info: Animation: 24 paged samples @ 30.00 FPS (Dur: 0.77s)
Info: Creating 76 placeholder bones for joints missing from model
Info: Imported 24 frames for 273 bones
Info: Imported 1 clip.
CLIP_OK web_swing_intro_fromairaggro_fwd_spiderman {'name': 'web_swing_intro_fromairaggro_fwd_spiderman', 'duration': 0.7666666666666667, 'source_fps': 30.0, 'looping': False, 'additive': False, 'native_duration': 0.7666666507720947}
Info: Animation: 24 paged samples @ 30.00 FPS (Dur: 0.77s)
Info: Creating 76 placeholder bones for joints missing from model
Info: Imported 24 frames for 273 bones
Info: Imported 1 clip.
CLIP_OK web_swing_intro_fromfastfall_fwd_rh_spiderman {'name': 'web_swing_intro_fromfastfall_fwd_rh_spiderman', 'duration': 0.7666666666666667, 'source_fps': 30.0, 'looping': False, 'additive': False, 'native_duration': 0.7666666507720947}
Info: Animation: 76 paged samples @ 30.00 FPS (Dur: 2.50s)
Info: Creating 60 placeholder bones for joints missing from model
Info: Imported 76 frames for 257 bones
Info: Imported 1 clip.
CLIP_OK web_swing_jump_high1_spiderman {'name': 'web_swing_jump_high1_spiderman', 'duration': 2.5, 'source_fps': 30.0, 'looping': False, 'additive': False, 'native_duration': 2.5}
Info: Animation: 81 paged samples @ 30.00 FPS (Dur: 2.67s)
Info: Creating 60 placeholder bones for joints missing from model
Info: Imported 81 frames for 257 bones
Info: Imported 1 clip.
CLIP_OK web_swing_jump_high2_spiderman {'name': 'web_swing_jump_high2_spiderman', 'duration': 2.6666666666666665, 'source_fps': 30.0, 'looping': False, 'additive': False, 'native_duration': 2.6666667461395264}
Info: Animation: 78 paged samples @ 30.00 FPS (Dur: 2.57s)
Info: Creating 60 placeholder bones for joints missing from model
Info: Imported 78 frames for 257 bones
Info: Imported 1 clip.
CLIP_OK web_swing_jump_high_spiderman {'name': 'web_swing_jump_high_spiderman', 'duration': 2.566666666666667, 'source_fps': 30.0, 'looping': False, 'additive': False, 'native_duration': 2.566666603088379}
Info: Animation: 93 paged samples @ 30.00 FPS (Dur: 3.07s)
Info: Creating 76 placeholder bones for joints missing from model
Info: Imported 93 frames for 273 bones
Info: Imported 1 clip.
CLIP_OK web_swing_jump_mid2_spiderman {'name': 'web_swing_jump_mid2_spiderman', 'duration': 3.066666666666667, 'source_fps': 30.0, 'looping': False, 'additive': False, 'native_duration': 3.066666603088379}
Info: Animation: 93 paged samples @ 30.00 FPS (Dur: 3.07s)
Info: Creating 76 placeholder bones for joints missing from model
Info: Imported 93 frames for 273 bones
Info: Imported 1 clip.
CLIP_OK web_swing_jump_mid3_spiderman {'name': 'web_swing_jump_mid3_spiderman', 'duration': 3.066666666666667, 'source_fps': 30.0, 'looping': False, 'additive': False, 'native_duration': 3.066666603088379}
Info: Animation: 93 paged samples @ 30.00 FPS (Dur: 3.07s)
Info: Creating 76 placeholder bones for joints missing from model
Info: Imported 93 frames for 273 bones
Info: Imported 1 clip.
CLIP_OK web_swing_jump_mid4_spiderman {'name': 'web_swing_jump_mid4_spiderman', 'duration': 3.066666666666667, 'source_fps': 30.0, 'looping': False, 'additive': False, 'native_duration': 3.066666603088379}
Info: Animation: 93 paged samples @ 30.00 FPS (Dur: 3.07s)
Info: Creating 76 placeholder bones for joints missing from model
Info: Imported 93 frames for 273 bones
Info: Imported 1 clip.
CLIP_OK web_swing_jump_mid5_spiderman {'name': 'web_swing_jump_mid5_spiderman', 'duration': 3.066666666666667, 'source_fps': 30.0, 'looping': False, 'additive': False, 'native_duration': 3.066666603088379}
Info: Animation: 93 paged samples @ 30.00 FPS (Dur: 3.07s)
Info: Creating 76 placeholder bones for joints missing from model
Info: Imported 93 frames for 273 bones
Info: Imported 1 clip.
CLIP_OK web_swing_jump_mid_spiderman {'name': 'web_swing_jump_mid_spiderman', 'duration': 3.066666666666667, 'source_fps': 30.0, 'looping': False, 'additive': False, 'native_duration': 3.066666603088379}
Info: Animation: 79 paged samples @ 30.00 FPS (Dur: 2.60s)
Info: Creating 76 placeholder bones for joints missing from model
Info: Imported 79 frames for 273 bones
Info: Imported 1 clip.
CLIP_OK web_swing_release_high_spiderman {'name': 'web_swing_release_high_spiderman', 'duration': 2.6, 'source_fps': 30.0, 'looping': False, 'additive': False, 'native_duration': 2.5999999046325684}
Info: Animation: 35 paged samples @ 30.00 FPS (Dur: 1.13s)
Info: Creating 76 placeholder bones for joints missing from model
Info: Imported 35 frames for 273 bones
Info: Imported 1 clip.
CLIP_OK web_swing_release_low_spiderman {'name': 'web_swing_release_low_spiderman', 'duration': 1.1333333333333333, 'source_fps': 30.0, 'looping': False, 'additive': False, 'native_duration': 1.1333333253860474}
Info: Animation: 81 paged samples @ 30.00 FPS (Dur: 2.67s)
Info: Creating 76 placeholder bones for joints missing from model
Info: Imported 81 frames for 273 bones
Info: Imported 1 clip.
CLIP_OK web_swing_release_mid1_spiderman {'name': 'web_swing_release_mid1_spiderman', 'duration': 2.6666666666666665, 'source_fps': 30.0, 'looping': False, 'additive': False, 'native_duration': 2.6666667461395264}
Info: Animation: 81 paged samples @ 30.00 FPS (Dur: 2.67s)
Info: Creating 76 placeholder bones for joints missing from model
Info: Imported 81 frames for 273 bones
Info: Imported 1 clip.
CLIP_OK web_swing_release_mid2_spiderman {'name': 'web_swing_release_mid2_spiderman', 'duration': 2.6666666666666665, 'source_fps': 30.0, 'looping': False, 'additive': False, 'native_duration': 2.6666667461395264}
Info: Animation: 81 paged samples @ 30.00 FPS (Dur: 2.67s)
Info: Creating 76 placeholder bones for joints missing from model
Info: Imported 81 frames for 273 bones
Info: Imported 1 clip.
CLIP_OK web_swing_release_mid3_spiderman {'name': 'web_swing_release_mid3_spiderman', 'duration': 2.6666666666666665, 'source_fps': 30.0, 'looping': False, 'additive': False, 'native_duration': 2.6666667461395264}
Info: Animation: 81 paged samples @ 30.00 FPS (Dur: 2.67s)
Info: Creating 76 placeholder bones for joints missing from model
Info: Imported 81 frames for 273 bones
Info: Imported 1 clip.
CLIP_OK web_swing_release_mid4_spiderman {'name': 'web_swing_release_mid4_spiderman', 'duration': 2.6666666666666665, 'source_fps': 30.0, 'looping': False, 'additive': False, 'native_duration': 2.6666667461395264}
Info: Animation: 81 paged samples @ 30.00 FPS (Dur: 2.67s)
Info: Creating 76 placeholder bones for joints missing from model
Info: Imported 81 frames for 273 bones
Info: Imported 1 clip.
CLIP_OK web_swing_release_mid5_spiderman {'name': 'web_swing_release_mid5_spiderman', 'duration': 2.6666666666666665, 'source_fps': 30.0, 'looping': False, 'additive': False, 'native_duration': 2.6666667461395264}
Info: Animation: 81 paged samples @ 30.00 FPS (Dur: 2.67s)
Info: Creating 76 placeholder bones for joints missing from model
Info: Imported 81 frames for 273 bones
Info: Imported 1 clip.
CLIP_OK web_swing_release_mid_spiderman {'name': 'web_swing_release_mid_spiderman', 'duration': 2.6666666666666665, 'source_fps': 30.0, 'looping': False, 'additive': False, 'native_duration': 2.6666667461395264}
Info: Animation: 181 paged samples @ 30.00 FPS (Dur: 6.00s)
Info: Creating 76 placeholder bones for joints missing from model
Info: Imported 181 frames for 273 bones
Info: Imported 1 clip.
CLIP_OK web_swing_rh_a_spiderman {'name': 'web_swing_rh_a_spiderman', 'duration': 6.0, 'source_fps': 30.0, 'looping': False, 'additive': False, 'native_duration': 6.0}
Info: Animation: 41 paged samples @ 30.00 FPS (Dur: 1.33s)
Info: Creating 76 placeholder bones for joints missing from model
Info: Imported 41 frames for 273 bones
Info: Imported 1 clip.
CLIP_OK web_zip_attach_fwd_spiderman {'name': 'web_zip_attach_fwd_spiderman', 'duration': 1.3333333333333333, 'source_fps': 30.0, 'looping': False, 'additive': False, 'native_duration': 1.3333333730697632}
Info: Animation: 15 paged samples @ 30.00 FPS (Dur: 0.47s)
Info: Creating 76 placeholder bones for joints missing from model
Info: Imported 15 frames for 273 bones
Info: Imported 1 clip.
CLIP_OK web_zip_attach_short_fwd_spiderman {'name': 'web_zip_attach_short_fwd_spiderman', 'duration': 0.4666666666666667, 'source_fps': 30.0, 'looping': False, 'additive': False, 'native_duration': 0.46666666865348816}
Info: Animation: 31 paged samples @ 30.00 FPS (Dur: 1.00s)
Info: Creating 76 placeholder bones for joints missing from model
Info: Imported 31 frames for 273 bones
Info: Imported 1 clip.
CLIP_OK web_zip_fwd_2hand_spiderman {'name': 'web_zip_fwd_2hand_spiderman', 'duration': 1.0, 'source_fps': 30.0, 'looping': False, 'additive': False, 'native_duration': 1.0}
Info: Animation: 31 paged samples @ 30.00 FPS (Dur: 1.00s)
Info: Creating 76 placeholder bones for joints missing from model
Info: Imported 31 frames for 273 bones
Info: Imported 1 clip.
CLIP_OK web_zip_fwd_fastfall_2h_spiderman {'name': 'web_zip_fwd_fastfall_2h_spiderman', 'duration': 1.0, 'source_fps': 30.0, 'looping': False, 'additive': False, 'native_duration': 1.0}
Info: Animation: 31 paged samples @ 30.00 FPS (Dur: 1.00s)
Info: Creating 76 placeholder bones for joints missing from model
Info: Imported 31 frames for 273 bones
Info: Imported 1 clip.
CLIP_OK web_zip_fwd_jumpreleasehigh_2h_spiderman {'name': 'web_zip_fwd_jumpreleasehigh_2h_spiderman', 'duration': 1.0, 'source_fps': 30.0, 'looping': False, 'additive': False, 'native_duration': 1.0}
Info: Animation: 31 paged samples @ 30.00 FPS (Dur: 1.00s)
Info: Creating 76 placeholder bones for joints missing from model
Info: Imported 31 frames for 273 bones
Info: Imported 1 clip.
CLIP_OK web_zip_fwd_skydive_2h_spiderman {'name': 'web_zip_fwd_skydive_2h_spiderman', 'duration': 1.0, 'source_fps': 30.0, 'looping': False, 'additive': False, 'native_duration': 1.0}
Info: Animation: 31 paged samples @ 30.00 FPS (Dur: 1.00s)
Info: Creating 76 placeholder bones for joints missing from model
Info: Imported 31 frames for 273 bones
Info: Imported 1 clip.
CLIP_OK web_zip_fwd_spiderman {'name': 'web_zip_fwd_spiderman', 'duration': 1.0, 'source_fps': 30.0, 'looping': False, 'additive': False, 'native_duration': 1.0}
Info: Animation: 49 paged samples @ 30.00 FPS (Dur: 1.60s)
Info: Creating 60 placeholder bones for joints missing from model
Info: Imported 49 frames for 257 bones
Info: Imported 1 clip.
CLIP_OK wall_run_up_intro_spiderman {'name': 'wall_run_up_intro_spiderman', 'duration': 1.6, 'source_fps': 30.0, 'looping': False, 'additive': False, 'native_duration': 1.600000023841858}
Info: Animation: 18 paged samples @ 30.00 FPS (Dur: 0.60s)
Info: Creating 60 placeholder bones for joints missing from model
Info: Imported 18 frames for 257 bones
Info: Imported 1 clip.
CLIP_OK wall_run_up_spiderman {'name': 'wall_run_up_spiderman', 'duration': 0.6, 'source_fps': 30.0, 'looping': True, 'additive': False, 'native_duration': 0.6000000238418579}
Info: Saved as "character.blend"
INFO Draco mesh compression is available, use library at H:\SteamLibrary\steamapps\common\Marvel's Spider-Man Remastered\spiderman_bevy\tools\blender-5.0.1-windows-x64\5.0\scripts\addons_core\io_scene_gltf2\extern_draco.dll
07:08:13 | INFO: Starting glTF 2.0 export
07:08:13 | INFO: Extracting primitive: SuitPart_00
07:08:14 | INFO: Primitives created: 1
07:08:14 | WARNING: There are more than 4 joint vertex influences.The 4 with highest weight will be used (and normalized).
07:08:14 | INFO: Extracting primitive: SuitPart_01
07:08:14 | INFO: Primitives created: 1
07:08:14 | INFO: Extracting primitive: SuitPart_02
07:08:14 | INFO: Primitives created: 1
07:08:14 | INFO: Extracting primitive: SuitPart_03
07:08:14 | INFO: Primitives created: 1
07:08:14 | INFO: Extracting primitive: SuitPart_04
07:08:14 | INFO: Primitives created: 1
07:08:14 | INFO: Extracting primitive: SuitPart_05
07:08:14 | INFO: Primitives created: 1
07:08:14 | INFO: Extracting primitive: SuitPart_06
07:08:14 | INFO: Primitives created: 1
07:08:14 | INFO: Extracting primitive: SuitPart_07
07:08:14 | INFO: Primitives created: 1
07:08:14 | INFO: Extracting primitive: SuitPart_08
07:08:14 | INFO: Primitives created: 1
07:08:14 | INFO: Extracting primitive: SuitPart_09
07:08:14 | INFO: Primitives created: 1
07:08:14 | INFO: Extracting primitive: SuitPart_10
07:08:14 | INFO: Primitives created: 1
07:08:14 | INFO: Extracting primitive: SuitPart_11
07:08:14 | INFO: Primitives created: 1
07:08:14 | INFO: Extracting primitive: SuitPart_12
07:08:14 | INFO: Primitives created: 1
07:08:14 | INFO: Extracting primitive: SuitPart_13
07:08:14 | INFO: Primitives created: 1
07:08:14 | INFO: Extracting primitive: SuitPart_14
07:08:14 | INFO: Primitives created: 1
07:08:14 | INFO: Extracting primitive: SuitPart_15
07:08:14 | INFO: Primitives created: 1
07:08:14 | INFO: Extracting primitive: SuitPart_16
07:08:14 | INFO: Primitives created: 1
07:08:14 | INFO: Extracting primitive: SuitPart_17
07:08:14 | INFO: Primitives created: 1
07:09:57 | INFO: Finished glTF 2.0 export in 103.83250546455383 s

EXPORT_COMPLETE {'vertices': 91378, 'triangles': 133464, 'bones': 212, 'meshes': 18, 'blender_bind_max_matrix_error': 2.0444393157958984e-05, 'clips': [{'name': 'stand_chargejump_fwd_spiderman', 'duration': 2.6333333333333333, 'source_fps': 30.0, 'looping': False, 'additive': False, 'native_duration': 2.633333444595337}, {'name': 'stand_chargejump_up_spiderman', 'duration': 1.7, 'source_fps': 30.0, 'looping': False, 'additive': False, 'native_duration': 1.7000000476837158}, {'name': 'stand_idle_spiderman', 'duration': 11.933333333333334, 'source_fps': 30.0, 'looping': True, 'additive': False, 'native_duration': 11.933333396911621}, {'name': 'stand_jog_fwd_spiderman', 'duration': 2.1666666666666665, 'source_fps': 30.0, 'looping': False, 'additive': False, 'native_duration': 2.1666667461395264}, {'name': 'stand_jump_land_spiderman', 'duration': 1.9, 'source_fps': 30.0, 'looping': False, 'additive': False, 'native_duration': 1.899999976158142}, {'name': 'stand_jump_spiderman', 'duration': 0.9333333333333333, 'source_fps': 30.0, 'looping': False, 'additive': False, 'native_duration': 0.9333333373069763}, {'name': 'stand_sprint_fwd_spiderman', 'duration': 0.5666666666666667, 'source_fps': 30.0, 'looping': True, 'additive': False, 'native_duration': 0.5666666626930237}, {'name': 'stand_sprint_high_jump_fwd_spiderman', 'duration': 1.8, 'source_fps': 30.0, 'looping': False, 'additive': False, 'native_duration': 1.7999999523162842}, {'name': 'air_tofastfall_spiderman', 'duration': 1.6666666666666667, 'source_fps': 30.0, 'looping': False, 'additive': False, 'native_duration': 1.6666666269302368}, {'name': 'fall_cycle_spiderman', 'duration': 3.566666666666667, 'source_fps': 30.0, 'looping': True, 'additive': False, 'native_duration': 3.566666603088379}, {'name': 'fall_toland_spiderman', 'duration': 0.43333333333333335, 'source_fps': 30.0, 'looping': False, 'additive': False, 'native_duration': 0.4333333373069763}, {'name': 'fastfall_spiderman', 'duration': 3.2333333333333334, 'source_fps': 30.0, 'looping': True, 'additive': False, 'native_duration': 3.2333333492279053}, {'name': 'skydive_spiderman', 'duration': 1.6666666666666667, 'source_fps': 30.0, 'looping': True, 'additive': False, 'native_duration': 1.6666666269302368}, {'name': 'wall_run_jump_spin_rt_spiderman', 'duration': 1.1333333333333333, 'source_fps': 30.0, 'looping': False, 'additive': False, 'native_duration': 1.1333333253860474}, {'name': 'web_swing_2rh_000_bend_l_spiderman', 'duration': 0.03333333333333333, 'source_fps': 30.0, 'looping': False, 'additive': True, 'native_duration': 0.03333333507180214}, {'name': 'web_swing_2rh_000_bend_r_spiderman', 'duration': 0.03333333333333333, 'source_fps': 30.0, 'looping': False, 'additive': True, 'native_duration': 0.03333333507180214}, {'name': 'web_swing_2rh_000_twist_0_spiderman', 'duration': 0.03333333333333333, 'source_fps': 30.0, 'looping': False, 'additive': True, 'native_duration': 0.03333333507180214}, {'name': 'web_swing_2rh_045_twist_0_spiderman', 'duration': 0.03333333333333333, 'source_fps': 30.0, 'looping': False, 'additive': True, 'native_duration': 0.03333333507180214}, {'name': 'web_swing_fwd_rh_spiderman', 'duration': 4.733333333333333, 'source_fps': 30.0, 'looping': False, 'additive': False, 'native_duration': 4.733333110809326}, {'name': 'web_swing_intro_fromair_fwd_spiderman', 'duration': 0.6333333333333333, 'source_fps': 30.0, 'looping': False, 'additive': False, 'native_duration': 0.6333333253860474}, {'name': 'web_swing_intro_fromairaggro_fwd_rh_spiderman', 'duration': 0.7666666666666667, 'source_fps': 30.0, 'looping': False, 'additive': False, 'native_duration': 0.7666666507720947}, {'name': 'web_swing_intro_fromairaggro_fwd_spiderman', 'duration': 0.7666666666666667, 'source_fps': 30.0, 'looping': False, 'additive': False, 'native_duration': 0.7666666507720947}, {'name': 'web_swing_intro_fromfastfall_fwd_rh_spiderman', 'duration': 0.7666666666666667, 'source_fps': 30.0, 'looping': False, 'additive': False, 'native_duration': 0.7666666507720947}, {'name': 'web_swing_jump_high1_spiderman', 'duration': 2.5, 'source_fps': 30.0, 'looping': False, 'additive': False, 'native_duration': 2.5}, {'name': 'web_swing_jump_high2_spiderman', 'duration': 2.6666666666666665, 'source_fps': 30.0, 'looping': False, 'additive': False, 'native_duration': 2.6666667461395264}, {'name': 'web_swing_jump_high_spiderman', 'duration': 2.566666666666667, 'source_fps': 30.0, 'looping': False, 'additive': False, 'native_duration': 2.566666603088379}, {'name': 'web_swing_jump_mid2_spiderman', 'duration': 3.066666666666667, 'source_fps': 30.0, 'looping': False, 'additive': False, 'native_duration': 3.066666603088379}, {'name': 'web_swing_jump_mid3_spiderman', 'duration': 3.066666666666667, 'source_fps': 30.0, 'looping': False, 'additive': False, 'native_duration': 3.066666603088379}, {'name': 'web_swing_jump_mid4_spiderman', 'duration': 3.066666666666667, 'source_fps': 30.0, 'looping': False, 'additive': False, 'native_duration': 3.066666603088379}, {'name': 'web_swing_jump_mid5_spiderman', 'duration': 3.066666666666667, 'source_fps': 30.0, 'looping': False, 'additive': False, 'native_duration': 3.066666603088379}, {'name': 'web_swing_jump_mid_spiderman', 'duration': 3.066666666666667, 'source_fps': 30.0, 'looping': False, 'additive': False, 'native_duration': 3.066666603088379}, {'name': 'web_swing_release_high_spiderman', 'duration': 2.6, 'source_fps': 30.0, 'looping': False, 'additive': False, 'native_duration': 2.5999999046325684}, {'name': 'web_swing_release_low_spiderman', 'duration': 1.1333333333333333, 'source_fps': 30.0, 'looping': False, 'additive': False, 'native_duration': 1.1333333253860474}, {'name': 'web_swing_release_mid1_spiderman', 'duration': 2.6666666666666665, 'source_fps': 30.0, 'looping': False, 'additive': False, 'native_duration': 2.6666667461395264}, {'name': 'web_swing_release_mid2_spiderman', 'duration': 2.6666666666666665, 'source_fps': 30.0, 'looping': False, 'additive': False, 'native_duration': 2.6666667461395264}, {'name': 'web_swing_release_mid3_spiderman', 'duration': 2.6666666666666665, 'source_fps': 30.0, 'looping': False, 'additive': False, 'native_duration': 2.6666667461395264}, {'name': 'web_swing_release_mid4_spiderman', 'duration': 2.6666666666666665, 'source_fps': 30.0, 'looping': False, 'additive': False, 'native_duration': 2.6666667461395264}, {'name': 'web_swing_release_mid5_spiderman', 'duration': 2.6666666666666665, 'source_fps': 30.0, 'looping': False, 'additive': False, 'native_duration': 2.6666667461395264}, {'name': 'web_swing_release_mid_spiderman', 'duration': 2.6666666666666665, 'source_fps': 30.0, 'looping': False, 'additive': False, 'native_duration': 2.6666667461395264}, {'name': 'web_swing_rh_a_spiderman', 'duration': 6.0, 'source_fps': 30.0, 'looping': False, 'additive': False, 'native_duration': 6.0}, {'name': 'web_zip_attach_fwd_spiderman', 'duration': 1.3333333333333333, 'source_fps': 30.0, 'looping': False, 'additive': False, 'native_duration': 1.3333333730697632}, {'name': 'web_zip_attach_short_fwd_spiderman', 'duration': 0.4666666666666667, 'source_fps': 30.0, 'looping': False, 'additive': False, 'native_duration': 0.46666666865348816}, {'name': 'web_zip_fwd_2hand_spiderman', 'duration': 1.0, 'source_fps': 30.0, 'looping': False, 'additive': False, 'native_duration': 1.0}, {'name': 'web_zip_fwd_fastfall_2h_spiderman', 'duration': 1.0, 'source_fps': 30.0, 'looping': False, 'additive': False, 'native_duration': 1.0}, {'name': 'web_zip_fwd_jumpreleasehigh_2h_spiderman', 'duration': 1.0, 'source_fps': 30.0, 'looping': False, 'additive': False, 'native_duration': 1.0}, {'name': 'web_zip_fwd_skydive_2h_spiderman', 'duration': 1.0, 'source_fps': 30.0, 'looping': False, 'additive': False, 'native_duration': 1.0}, {'name': 'web_zip_fwd_spiderman', 'duration': 1.0, 'source_fps': 30.0, 'looping': False, 'additive': False, 'native_duration': 1.0}, {'name': 'wall_run_up_intro_spiderman', 'duration': 1.6, 'source_fps': 30.0, 'looping': False, 'additive': False, 'native_duration': 1.600000023841858}, {'name': 'wall_run_up_spiderman', 'duration': 0.6, 'source_fps': 30.0, 'looping': True, 'additive': False, 'native_duration': 0.6000000238418579}]}
Blender 5.0.1 (hash a3db93c5b259 built 2025-12-16 01:32:30)

Blender quit
