87424 characters/hero/hero_spiderman/textures/hero_spiderman_adv_detail_array_g.texture
87424 characters/hero/hero_spiderman/textures/hero_spiderman_adv_detail_array_n.texture
349632 characters/hero/hero_spiderman/textures/hero_spiderman_body_c.texture
21952 characters/hero/hero_spiderman/textures/hero_spiderman_body_damagemask_g.texture
349632 characters/hero/hero_spiderman/textures/hero_spiderman_body_g.texture
349632 characters/hero/hero_spiderman/textures/hero_spiderman_body_n.texture
21952 characters/hero/hero_spiderman/textures/hero_spiderman_body_wrinkle_mask_x.texture
43808 characters/hero/hero_spiderman/textures/hero_spiderman_body_wrinklemask_x.texture
21952 characters/hero/hero_spiderman/textures/hero_spiderman_detail_array_blank_h.texture
21952 characters/hero/hero_spiderman/textures/hero_spiderman_eye_c.texture
21952 characters/hero/hero_spiderman/textures/hero_spiderman_eye_damaged_g.texture
21952 characters/hero/hero_spiderman/textures/hero_spiderman_eye_lens_damage_c.texture
21952 characters/hero/hero_spiderman/textures/hero_spiderman_eye_n.texture
21952 characters/hero/hero_spiderman/textures/hero_spiderman_eye_tiling_c.texture
21952 characters/hero/hero_spiderman/textures/hero_spiderman_eye_tiling_g.texture
21952 characters/hero/hero_spiderman/textures/hero_spiderman_eye_tiling_n.texture
349632 characters/hero/hero_spiderman/textures/hero_spiderman_eyeshutters_c.texture
144 characters/hero/hero_spiderman/textures/hero_spiderman_eyeshutters_g.texture
349632 characters/hero/hero_spiderman/textures/hero_spiderman_eyeshutters_n.texture
349632 characters/hero/hero_spiderman/textures/hero_spiderman_eyeshutters_x.texture
349632 characters/hero/hero_spiderman/textures/hero_spiderman_gauntlet_g.texture
349632 characters/hero/hero_spiderman/textures/hero_spiderman_gauntlet_n.texture
21952 characters/hero/hero_spiderman/textures/hero_spiderman_glove_damagemask_g.texture
349632 characters/hero/hero_spiderman/textures/hero_spiderman_glove_fabrics_x.texture
349632 characters/hero/hero_spiderman/textures/hero_spiderman_glove_g.texture
349632 characters/hero/hero_spiderman/textures/hero_spiderman_glove_modcolor_c.texture
349632 characters/hero/hero_spiderman/textures/hero_spiderman_glove_n.texture
349632 characters/hero/hero_spiderman/textures/hero_spiderman_head_c.texture
21952 characters/hero/hero_spiderman/textures/hero_spiderman_head_damagemask_02_g.texture
349632 characters/hero/hero_spiderman/textures/hero_spiderman_head_fabrics_x.texture
349632 characters/hero/hero_spiderman/textures/hero_spiderman_head_g.texture
349632 characters/hero/hero_spiderman/textures/hero_spiderman_head_n.texture
349632 characters/hero/hero_spiderman/textures/hero_spiderman_leg_bend_bw_n.texture
21952 characters/hero/hero_spiderman/textures/hero_spiderman_leg_damagemask_g.texture
349632 characters/hero/hero_spiderman/textures/hero_spiderman_leg_flex_n.texture
349632 characters/hero/hero_spiderman/textures/hero_spiderman_leg_g.texture
349632 characters/hero/hero_spiderman/textures/hero_spiderman_leg_modcolor_c.texture
349632 characters/hero/hero_spiderman/textures/hero_spiderman_leg_n.texture
43808 characters/hero/hero_spiderman/textures/hero_spiderman_leg_wrinklemask_x.texture
349632 characters/hero/hero_spiderman/textures/hero_spiderman_newgauntlet_c.texture
349632 characters/hero/hero_spiderman/textures/hero_spiderman_newgauntlet_g.texture
21952 characters/hero/hero_spiderman/textures/hero_spiderman_shoe_damagemask_g.texture
349632 characters/hero/hero_spiderman/textures/hero_spiderman_shoe_g.texture
349632 characters/hero/hero_spiderman/textures/hero_spiderman_shoe_modcolor_c.texture
349632 characters/hero/hero_spiderman/textures/hero_spiderman_shoe_n.texture
21952 characters/hero/hero_spiderman/textures/hero_spiderman_specdetail_09_x.texture
21952 characters/hero/hero_spiderman/textures/hero_spiderman_specdetail_10_x.texture
43776 characters/hero/hero_spiderman/textures/hero_spiderman_specdetail_11_n.texture
21952 characters/hero/hero_spiderman/textures/hero_spiderman_specdetail_11_x.texture
21952 characters/hero/hero_spiderman/textures/hero_spiderman_specdetail_20_x.texture
21952 characters/hero/hero_spiderman/textures/hero_spiderman_specdetail_null_x.texture
349632 characters/hero/hero_spiderman/textures/hero_spiderman_spider_g.texture
349632 characters/hero/hero_spiderman/textures/hero_spiderman_spider_n.texture
21952 characters/hero/hero_spiderman/textures/hero_spiderman_tiling2_n.texture
21952 characters/hero/hero_spiderman/textures/hero_spiderman_tiling_c.texture
21952 characters/hero/hero_spiderman/textures/hero_spiderman_tiling_g.texture
349632 characters/hero/hero_spiderman/textures/hero_spiderman_waist_bend_bw_n.texture
349632 characters/hero/hero_spiderman/textures/hero_spiderman_waist_bend_fw_n.texture
349632 characters/hero/hero_spiderman/textures/hero_spiderman_waist_bend_lt_n.texture
349632 characters/hero/hero_spiderman/textures/hero_spiderman_waist_bend_rt_n.texture
349632 characters/hero/hero_spiderman/textures/hero_spiderman_waist_twist_lt_n.texture
349632 characters/hero/hero_spiderman/textures/hero_spiderman_waist_twist_rt_n.texture
349632 characters/hero/hero_spiderman/textures/hero_spiderman_webshooter_c.texture
349632 characters/hero/hero_spiderman/textures/hero_spiderman_webshooter_g.texture
349632 characters/hero/hero_spiderman/textures/hero_spiderman_webshooter_n.texture
349632 characters/hero/hero_spiderman/textures/reviewasset_spiderman_body_fabrics_x.texture
349632 characters/hero/hero_spiderman/textures/reviewasset_spiderman_leg_fabrics_x.texture
349632 characters/hero/hero_spiderman/textures/reviewasset_spiderman_leg_n.texture
349632 characters/hero/hero_spiderman/textures/reviewasset_spiderman_shoe_fabrics_x.texture
349632 characters/hero/hero_spiderman/textures/reviewasset_spiderman_shoe_g.texture
349632 characters/hero/hero_spiderman/textures/reviewasset_spiderman_shoe_n.texture
349632 characters/hero/hero_spiderman/textures/reviewasset_spiderman_whiteleg_g.texture
349632 characters/hero/hero_spiderman_mcu/textures/hero_spiderman_mcu_body_g.texture
349632 characters/hero/hero_spiderman_mcu/textures/hero_spiderman_mcu_body_n.texture
11040 characters/shared/default/character_default_g.texture
43808 characters/shared/textures/detail/detail_tech_05_c.texture
43808 characters/shared/textures/detail/detail_tech_05_g.texture
21952 characters/shared/textures/detail/detail_tech_05_n.texture
524384 characters/shared/textures/detail/hero_spiderman_damage_c.texture
87488 characters/shared/wrinklemaps/cg_wrinkles_flowing_n.texture
288 characters/test/ken/gray_103_c.texture
144 test/bmullen/black.texture
144 textures/default_pink_shader/default_pink_shader_c.texture
132 textures/default_pink_shader/default_pink_shader_g.texture
256 textures/default_pink_shader/default_pink_shader_n.texture
78820 characters/hero/hero_spiderman/animations/stand_idle_spiderman.animclip
ANIM stand_idle_spiderman [('0x116eb684', 7252), ('0x14014cb6', 360), ('0x277563f5', 656), ('0x2bb5bc8f', 4432), ('0x3976e44c', 128), ('0x3a7b4855', 58876), ('0x69f64588', 3772), ('0x9df23f77', 96), ('0xa3b26640', 1032), ('0xd070d358', 1540), ('0xe08aa35f', 128)]
